###############################################################################
#
# IAR ELF Linker V7.20.2.7424/W32 for ARM                 28/Dec/2018  16:59:45
# Copyright 2007-2014 IAR Systems AB.
#
#    Output file  =  D:\vm-share\506\LeIotProjLib\Debug\Exe\application.axf
#    Map file     =  D:\vm-share\506\LeIotProjLib\Debug\List\application.map
#    Command line =  
#        D:\vm-share\506\LeIotProjLib\Debug\Obj\aesni.o
#        D:\vm-share\506\LeIotProjLib\Debug\Obj\analogin_api.o
#        D:\vm-share\506\LeIotProjLib\Debug\Obj\api_lib.o
#        D:\vm-share\506\LeIotProjLib\Debug\Obj\api_msg.o
#        D:\vm-share\506\LeIotProjLib\Debug\Obj\app_start.o
#        D:\vm-share\506\LeIotProjLib\Debug\Obj\atcmd_lwip.o
#        D:\vm-share\506\LeIotProjLib\Debug\Obj\atcmd_sys.o
#        D:\vm-share\506\LeIotProjLib\Debug\Obj\atcmd_wifi.o
#        D:\vm-share\506\LeIotProjLib\Debug\Obj\autoip.o
#        D:\vm-share\506\LeIotProjLib\Debug\Obj\blowfish.o
#        D:\vm-share\506\LeIotProjLib\Debug\Obj\camellia.o
#        D:\vm-share\506\LeIotProjLib\Debug\Obj\ccm.o
#        D:\vm-share\506\LeIotProjLib\Debug\Obj\certs.o
#        D:\vm-share\506\LeIotProjLib\Debug\Obj\cipher.o
#        D:\vm-share\506\LeIotProjLib\Debug\Obj\cipher_wrap.o
#        D:\vm-share\506\LeIotProjLib\Debug\Obj\cloud_link.o
#        D:\vm-share\506\LeIotProjLib\Debug\Obj\cmsis_os.o
#        D:\vm-share\506\LeIotProjLib\Debug\Obj\croutine.o
#        D:\vm-share\506\LeIotProjLib\Debug\Obj\debug.o
#        D:\vm-share\506\LeIotProjLib\Debug\Obj\def.o
#        D:\vm-share\506\LeIotProjLib\Debug\Obj\device.o
#        D:\vm-share\506\LeIotProjLib\Debug\Obj\device_lock.o
#        D:\vm-share\506\LeIotProjLib\Debug\Obj\dhcp.o
#        D:\vm-share\506\LeIotProjLib\Debug\Obj\dhcps.o
#        D:\vm-share\506\LeIotProjLib\Debug\Obj\dma_api.o
#        D:\vm-share\506\LeIotProjLib\Debug\Obj\dns.o
#        D:\vm-share\506\LeIotProjLib\Debug\Obj\ecp_ram.o
#        D:\vm-share\506\LeIotProjLib\Debug\Obj\efuse_api.o
#        D:\vm-share\506\LeIotProjLib\Debug\Obj\entropy.o
#        D:\vm-share\506\LeIotProjLib\Debug\Obj\entropy_poll.o
#        D:\vm-share\506\LeIotProjLib\Debug\Obj\err.o
#        D:\vm-share\506\LeIotProjLib\Debug\Obj\error.o
#        D:\vm-share\506\LeIotProjLib\Debug\Obj\etharp.o
#        D:\vm-share\506\LeIotProjLib\Debug\Obj\ethernetif.o
#        D:\vm-share\506\LeIotProjLib\Debug\Obj\event_groups.o
#        D:\vm-share\506\LeIotProjLib\Debug\Obj\example_bcast.o
#        D:\vm-share\506\LeIotProjLib\Debug\Obj\example_coap.o
#        D:\vm-share\506\LeIotProjLib\Debug\Obj\example_eap.o
#        D:\vm-share\506\LeIotProjLib\Debug\Obj\example_entry.o
#        D:\vm-share\506\LeIotProjLib\Debug\Obj\example_get_beacon_frame.o
#        D:\vm-share\506\LeIotProjLib\Debug\Obj\example_google.o
#        D:\vm-share\506\LeIotProjLib\Debug\Obj\example_high_load_memory_use.o
#        D:\vm-share\506\LeIotProjLib\Debug\Obj\example_http_client.o
#        D:\vm-share\506\LeIotProjLib\Debug\Obj\example_http_download.o
#        D:\vm-share\506\LeIotProjLib\Debug\Obj\example_httpc.o
#        D:\vm-share\506\LeIotProjLib\Debug\Obj\example_httpd.o
#        D:\vm-share\506\LeIotProjLib\Debug\Obj\example_inic_gspi.o
#        D:\vm-share\506\LeIotProjLib\Debug\Obj\example_mcast.o
#        D:\vm-share\506\LeIotProjLib\Debug\Obj\example_mdns.o
#        D:\vm-share\506\LeIotProjLib\Debug\Obj\example_nonblock_connect.o
#        D:\vm-share\506\LeIotProjLib\Debug\Obj\example_rarp.o
#        D:\vm-share\506\LeIotProjLib\Debug\Obj\example_sntp_showtime.o
#        D:\vm-share\506\LeIotProjLib\Debug\Obj\example_socket_select.o
#        D:\vm-share\506\LeIotProjLib\Debug\Obj\example_ssl_download.o
#        D:\vm-share\506\LeIotProjLib\Debug\Obj\example_ssl_server.o
#        D:\vm-share\506\LeIotProjLib\Debug\Obj\example_tcp_keepalive.o
#        D:\vm-share\506\LeIotProjLib\Debug\Obj\example_uart_atcmd.o
#        D:\vm-share\506\LeIotProjLib\Debug\Obj\example_uart_update.o
#        D:\vm-share\506\LeIotProjLib\Debug\Obj\example_wifi_mac_monitor.o
#        D:\vm-share\506\LeIotProjLib\Debug\Obj\example_wifi_roaming.o
#        D:\vm-share\506\LeIotProjLib\Debug\Obj\example_wlan_fast_connect.o
#        D:\vm-share\506\LeIotProjLib\Debug\Obj\example_wlan_scenario.o
#        D:\vm-share\506\LeIotProjLib\Debug\Obj\example_wsclient.o
#        D:\vm-share\506\LeIotProjLib\Debug\Obj\example_xml.o
#        D:\vm-share\506\LeIotProjLib\Debug\Obj\factory_cycle_task.o
#        D:\vm-share\506\LeIotProjLib\Debug\Obj\factory_event_task.o
#        D:\vm-share\506\LeIotProjLib\Debug\Obj\factory_net_task.o
#        D:\vm-share\506\LeIotProjLib\Debug\Obj\flash.o
#        D:\vm-share\506\LeIotProjLib\Debug\Obj\flash_api.o
#        D:\vm-share\506\LeIotProjLib\Debug\Obj\freertos_service.o
#        D:\vm-share\506\LeIotProjLib\Debug\Obj\gcm.o
#        D:\vm-share\506\LeIotProjLib\Debug\Obj\google_tls.o
#        D:\vm-share\506\LeIotProjLib\Debug\Obj\gpio_api.o
#        D:\vm-share\506\LeIotProjLib\Debug\Obj\gpio_irq_api.o
#        D:\vm-share\506\LeIotProjLib\Debug\Obj\hal_dev.o
#        D:\vm-share\506\LeIotProjLib\Debug\Obj\hal_key.o
#        D:\vm-share\506\LeIotProjLib\Debug\Obj\havege.o
#        D:\vm-share\506\LeIotProjLib\Debug\Obj\heap_5.o
#        D:\vm-share\506\LeIotProjLib\Debug\Obj\http_client.o
#        D:\vm-share\506\LeIotProjLib\Debug\Obj\httpc_tls.o
#        D:\vm-share\506\LeIotProjLib\Debug\Obj\httpd_tls.o
#        D:\vm-share\506\LeIotProjLib\Debug\Obj\i2c_api.o
#        D:\vm-share\506\LeIotProjLib\Debug\Obj\i2s_api.o
#        D:\vm-share\506\LeIotProjLib\Debug\Obj\icmp.o
#        D:\vm-share\506\LeIotProjLib\Debug\Obj\igmp.o
#        D:\vm-share\506\LeIotProjLib\Debug\Obj\inet.o
#        D:\vm-share\506\LeIotProjLib\Debug\Obj\inet_chksum.o
#        D:\vm-share\506\LeIotProjLib\Debug\Obj\init.o
#        D:\vm-share\506\LeIotProjLib\Debug\Obj\ip.o
#        D:\vm-share\506\LeIotProjLib\Debug\Obj\ip_addr.o
#        D:\vm-share\506\LeIotProjLib\Debug\Obj\ip_frag.o
#        D:\vm-share\506\LeIotProjLib\Debug\Obj\keyboard.o
#        D:\vm-share\506\LeIotProjLib\Debug\Obj\lamp_effect.o
#        D:\vm-share\506\LeIotProjLib\Debug\Obj\led.o
#        D:\vm-share\506\rtk8710_sdk\component\soc\realtek\8711b\misc\bsp\lib\common\IAR\lib_http.a
#        D:\vm-share\506\rtk8710_sdk\component\soc\realtek\8711b\misc\bsp\lib\common\IAR\lib_mdns.a
#        D:\vm-share\506\rtk8710_sdk\component\soc\realtek\8711b\misc\bsp\lib\common\IAR\lib_platform.a
#        D:\vm-share\506\rtk8710_sdk\component\soc\realtek\8711b\misc\bsp\lib\common\IAR\lib_rtlstd.a
#        D:\vm-share\506\rtk8710_sdk\component\soc\realtek\8711b\misc\bsp\lib\common\IAR\lib_websocket.a
#        D:\vm-share\506\rtk8710_sdk\component\soc\realtek\8711b\misc\bsp\lib\common\IAR\lib_wlan.a
#        D:\vm-share\506\rtk8710_sdk\component\soc\realtek\8711b\misc\bsp\lib\common\IAR\lib_wps.a
#        D:\vm-share\506\rtk8710_sdk\component\soc\realtek\8711b\misc\bsp\lib\common\IAR\lib_xmodem.a
#        D:\vm-share\506\iot_sdk\lib\libledmrtos.a
#        D:\vm-share\506\LeIotProjLib\Debug\Obj\list.o
#        D:\vm-share\506\LeIotProjLib\Debug\Obj\log_service.o
#        D:\vm-share\506\LeIotProjLib\Debug\Obj\low_level_io.o
#        D:\vm-share\506\LeIotProjLib\Debug\Obj\lwip_intf.o
#        D:\vm-share\506\LeIotProjLib\Debug\Obj\lwip_netconf.o
#        D:\vm-share\506\LeIotProjLib\Debug\Obj\lwip_timers.o
#        D:\vm-share\506\LeIotProjLib\Debug\Obj\main.o
#        D:\vm-share\506\LeIotProjLib\Debug\Obj\md2.o
#        D:\vm-share\506\LeIotProjLib\Debug\Obj\md4.o
#        D:\vm-share\506\LeIotProjLib\Debug\Obj\mDNSPlatform.o
#        D:\vm-share\506\LeIotProjLib\Debug\Obj\mem.o
#        D:\vm-share\506\LeIotProjLib\Debug\Obj\memory_buffer_alloc.o
#        D:\vm-share\506\LeIotProjLib\Debug\Obj\memp.o
#        D:\vm-share\506\LeIotProjLib\Debug\Obj\message_queue.o
#        D:\vm-share\506\LeIotProjLib\Debug\Obj\monitor.o
#        D:\vm-share\506\LeIotProjLib\Debug\Obj\net.o
#        D:\vm-share\506\LeIotProjLib\Debug\Obj\netbuf.o
#        D:\vm-share\506\LeIotProjLib\Debug\Obj\netdb.o
#        D:\vm-share\506\LeIotProjLib\Debug\Obj\netif.o
#        D:\vm-share\506\LeIotProjLib\Debug\Obj\netifapi.o
#        D:\vm-share\506\LeIotProjLib\Debug\Obj\nfc_api.o
#        D:\vm-share\506\LeIotProjLib\Debug\Obj\osdep_service.o
#        D:\vm-share\506\LeIotProjLib\Debug\Obj\padlock.o
#        D:\vm-share\506\LeIotProjLib\Debug\Obj\pbkdf2.o
#        D:\vm-share\506\LeIotProjLib\Debug\Obj\pbuf.o
#        D:\vm-share\506\LeIotProjLib\Debug\Obj\ping_test.o
#        D:\vm-share\506\LeIotProjLib\Debug\Obj\pinmap.o
#        D:\vm-share\506\LeIotProjLib\Debug\Obj\pinmap_common.o
#        D:\vm-share\506\LeIotProjLib\Debug\Obj\pkcs11.o
#        D:\vm-share\506\LeIotProjLib\Debug\Obj\pkcs12.o
#        D:\vm-share\506\LeIotProjLib\Debug\Obj\pkcs5.o
#        D:\vm-share\506\LeIotProjLib\Debug\Obj\pkparse.o
#        D:\vm-share\506\LeIotProjLib\Debug\Obj\platform.o
#        D:\vm-share\506\LeIotProjLib\Debug\Obj\port.o
#        D:\vm-share\506\LeIotProjLib\Debug\Obj\port_api.o
#        D:\vm-share\506\LeIotProjLib\Debug\Obj\portasm.o
#        D:\vm-share\506\LeIotProjLib\Debug\Obj\protocol.o
#        D:\vm-share\506\LeIotProjLib\Debug\Obj\pwmout_api.o
#        D:\vm-share\506\LeIotProjLib\Debug\Obj\queue1.o
#        D:\vm-share\506\LeIotProjLib\Debug\Obj\raw.o
#        D:\vm-share\506\LeIotProjLib\Debug\Obj\relay.o
#        D:\vm-share\506\LeIotProjLib\Debug\Obj\report_task.o
#        D:\vm-share\506\LeIotProjLib\Debug\Obj\ripemd160.o
#        D:\vm-share\506\LeIotProjLib\Debug\Obj\rtc_api.o
#        D:\vm-share\506\LeIotProjLib\Debug\Obj\rtl8710b_dsleepcfg.o
#        D:\vm-share\506\LeIotProjLib\Debug\Obj\rtl8710b_dstandbycfg.o
#        D:\vm-share\506\LeIotProjLib\Debug\Obj\rtl8710b_intfcfg.o
#        D:\vm-share\506\LeIotProjLib\Debug\Obj\rtl8710b_pinmapcfg.o
#        D:\vm-share\506\LeIotProjLib\Debug\Obj\rtl8710b_sleepcfg.o
#        D:\vm-share\506\LeIotProjLib\Debug\Obj\rtl_consol.o
#        D:\vm-share\506\LeIotProjLib\Debug\Obj\rtl_trace.o
#        D:\vm-share\506\LeIotProjLib\Debug\Obj\schema_task.o
#        D:\vm-share\506\LeIotProjLib\Debug\Obj\serial_api.o
#        D:\vm-share\506\LeIotProjLib\Debug\Obj\shtc1.o
#        D:\vm-share\506\LeIotProjLib\Debug\Obj\sleep.o
#        D:\vm-share\506\LeIotProjLib\Debug\Obj\sn_coap_ameba_port.o
#        D:\vm-share\506\LeIotProjLib\Debug\Obj\sn_coap_builder.o
#        D:\vm-share\506\LeIotProjLib\Debug\Obj\sn_coap_header_check.o
#        D:\vm-share\506\LeIotProjLib\Debug\Obj\sn_coap_parser.o
#        D:\vm-share\506\LeIotProjLib\Debug\Obj\sn_coap_protocol.o
#        D:\vm-share\506\LeIotProjLib\Debug\Obj\sntp.o
#        D:\vm-share\506\LeIotProjLib\Debug\Obj\sockets.o
#        D:\vm-share\506\LeIotProjLib\Debug\Obj\spi_api.o
#        D:\vm-share\506\LeIotProjLib\Debug\Obj\ssl_cache.o
#        D:\vm-share\506\LeIotProjLib\Debug\Obj\ssl_ciphersuites.o
#        D:\vm-share\506\LeIotProjLib\Debug\Obj\ssl_cli.o
#        D:\vm-share\506\LeIotProjLib\Debug\Obj\ssl_client.o
#        D:\vm-share\506\LeIotProjLib\Debug\Obj\ssl_ram_map.o
#        D:\vm-share\506\LeIotProjLib\Debug\Obj\ssl_srv.o
#        D:\vm-share\506\LeIotProjLib\Debug\Obj\ssl_tls.o
#        D:\vm-share\506\LeIotProjLib\Debug\Obj\startup.o
#        D:\vm-share\506\LeIotProjLib\Debug\Obj\stats.o
#        D:\vm-share\506\LeIotProjLib\Debug\Obj\sys.o
#        D:\vm-share\506\LeIotProjLib\Debug\Obj\sys_api.o
#        D:\vm-share\506\LeIotProjLib\Debug\Obj\sys_arch.o
#        D:\vm-share\506\LeIotProjLib\Debug\Obj\tasks.o
#        D:\vm-share\506\LeIotProjLib\Debug\Obj\tcp.o
#        D:\vm-share\506\LeIotProjLib\Debug\Obj\tcp_in.o
#        D:\vm-share\506\LeIotProjLib\Debug\Obj\tcp_out.o
#        D:\vm-share\506\LeIotProjLib\Debug\Obj\tcpip.o
#        D:\vm-share\506\LeIotProjLib\Debug\Obj\tcptest.o
#        D:\vm-share\506\LeIotProjLib\Debug\Obj\threading.o
#        D:\vm-share\506\LeIotProjLib\Debug\Obj\timer_api.o
#        D:\vm-share\506\LeIotProjLib\Debug\Obj\timers.o
#        D:\vm-share\506\LeIotProjLib\Debug\Obj\timing.o
#        D:\vm-share\506\LeIotProjLib\Debug\Obj\uart_adapter.o
#        D:\vm-share\506\LeIotProjLib\Debug\Obj\uart_fw_update.o
#        D:\vm-share\506\LeIotProjLib\Debug\Obj\uart_socket.o
#        D:\vm-share\506\LeIotProjLib\Debug\Obj\udp.o
#        D:\vm-share\506\LeIotProjLib\Debug\Obj\udp_task.o
#        D:\vm-share\506\LeIotProjLib\Debug\Obj\us_ticker.o
#        D:\vm-share\506\LeIotProjLib\Debug\Obj\us_ticker_api.o
#        D:\vm-share\506\LeIotProjLib\Debug\Obj\version.o
#        D:\vm-share\506\LeIotProjLib\Debug\Obj\version_features.o
#        D:\vm-share\506\LeIotProjLib\Debug\Obj\wait_api.o
#        D:\vm-share\506\LeIotProjLib\Debug\Obj\wdt_api.o
#        D:\vm-share\506\LeIotProjLib\Debug\Obj\webserver.o
#        D:\vm-share\506\LeIotProjLib\Debug\Obj\wifi_conf.o
#        D:\vm-share\506\LeIotProjLib\Debug\Obj\wifi_door_lock.o
#        D:\vm-share\506\LeIotProjLib\Debug\Obj\wifi_door_lock_uart_driver.o
#        D:\vm-share\506\LeIotProjLib\Debug\Obj\wifi_eap_config.o
#        D:\vm-share\506\LeIotProjLib\Debug\Obj\wifi_ind.o
#        D:\vm-share\506\LeIotProjLib\Debug\Obj\wifi_promisc.o
#        D:\vm-share\506\LeIotProjLib\Debug\Obj\wifi_simple_config.o
#        D:\vm-share\506\LeIotProjLib\Debug\Obj\wifi_util.o
#        D:\vm-share\506\LeIotProjLib\Debug\Obj\wifi_utils.o
#        D:\vm-share\506\LeIotProjLib\Debug\Obj\wifi_wps_config.o
#        D:\vm-share\506\LeIotProjLib\Debug\Obj\wigadget.o
#        D:\vm-share\506\LeIotProjLib\Debug\Obj\wlan_network.o
#        D:\vm-share\506\LeIotProjLib\Debug\Obj\wsclient_tls.o
#        D:\vm-share\506\LeIotProjLib\Debug\Obj\x509.o
#        D:\vm-share\506\LeIotProjLib\Debug\Obj\x509_create.o
#        D:\vm-share\506\LeIotProjLib\Debug\Obj\x509_crl.o
#        D:\vm-share\506\LeIotProjLib\Debug\Obj\x509_crt.o
#        D:\vm-share\506\LeIotProjLib\Debug\Obj\x509_csr.o
#        D:\vm-share\506\LeIotProjLib\Debug\Obj\x509write_crt.o
#        D:\vm-share\506\LeIotProjLib\Debug\Obj\x509write_csr.o
#        D:\vm-share\506\LeIotProjLib\Debug\Obj\xml.o
#        D:\vm-share\506\LeIotProjLib\Debug\Obj\xtea.o -o
#        D:\vm-share\506\LeIotProjLib\Debug\Exe\application.axf --redirect
#        _Printf=_PrintfTiny --redirect _Scanf=_ScanfSmallNoMb --keep
#        bootloader
#        --image_input=D:\vm-share\506\LeIotProjLib\..\rtk8710_sdk\component\soc\realtek\8711b\misc\bsp\image\boot_all.bin,bootloader,LOADER,4
#        --map D:\vm-share\506\LeIotProjLib\Debug\List\application.map --log
#        veneers --log_file
#        D:\vm-share\506\LeIotProjLib\Debug\List\application.log --config
#        D:\vm-share\506\LeIotProjLib\image2.icf --diag_suppress Lp005,Lp006
#        --entry Reset_Handler --no_exceptions --no_vfe
#
###############################################################################

*******************************************************************************
*** RUNTIME MODEL ATTRIBUTES
***

CppFlavor                     = *
__Heap_Handler                = Basic
__SystemLibrary               = DLib
__dlib_dynamic_initialization = normal


*******************************************************************************
*** PLACEMENT SUMMARY
***

"A4":  place at start of [0x10005000-0x1003dfff] {
          rw, block IMAGE2, block .ram_image2.bss, block .ram_image2.skb.bss,
          block .ram_heap.data, section .heap.stdlib };
"A5":  place at start of [0x08000020-0x08003fff] {
          block Bootloader, rw, block .xip_image1.text };
"A6":  place at start of [0x0800b020-0x081fffff] { rw, block .xip_image2.text };

  Section                 Kind        Address     Size  Object
  -------                 ----        -------     ----  ------
"A5":                                           0x1110
  Bootloader                       0x08000020   0x1110  <Block>
    LOADER                const    0x08000020   0x1110  boot_all.bin [1]
                                 - 0x08001130   0x1110

"A6":                                          0x69dc4
  .xip_image2.text                 0x0800b020  0x69dc4  <Block>
    .img2_custom_signature
                          const    0x0800b020     0x20  rtos.o [13]
    .text                 ro code  0x0800b040    0x8b8  pow.o [14]
    .text                 ro code  0x0800b8f8     0x42  xdnorm.o [14]
    .text                 ro code  0x0800b93a     0x7e  xdint.o [14]
    .text                 ro code  0x0800b9b8     0x20  DblCmpEq.o [14]
    .text                 ro code  0x0800b9d8      0xc  errno.o [4]
    .text                 ro code  0x0800b9e4     0x2e  DblCmpGe.o [14]
    .text                 ro code  0x0800ba12     0x1e  xsscin.o [4]
    .text                 ro code  0x0800ba30     0x2e  DblCmpLe.o [14]
    .text                 ro code  0x0800ba5e      0xa  xsprout.o [4]
    .text                 ro code  0x0800ba68    0x1a2  DblMul.o [14]
    .text                 ro code  0x0800bc0a     0x22  zero_init3.o [15]
    .text                 ro code  0x0800bc2c     0xe8  DblAdd.o [14]
    .text                 ro code  0x0800bd14     0x58  DblToI32.o [14]
    .text                 ro code  0x0800bd6c     0x30  I32ToDbl.o [14]
    .text                 ro code  0x0800bd9c    0x180  DblSub.o [14]
    .text                 ro code  0x0800bf1c    0x246  DblDiv.o [14]
    .text                 ro code  0x0800c164     0xb0  xlog.o [14]
    .text                 ro code  0x0800c214    0x2be  xexp.o [14]
    .text                 ro code  0x0800c4d2      0x2  xtls.o [4]
    .text                 ro code  0x0800c4d4     0x40  xdtest.o [14]
    .text                 ro code  0x0800c514    0x114  xdscale.o [14]
    .text                 ro code  0x0800c628    0x200  xdtento.o [14]
    .text                 ro code  0x0800c828     0x56  xdunscal.o [14]
    .text                 ro code  0x0800c880    0x4cc  api_lib.o [2]
    Veneer                ro code  0x0800cd4c      0x8  - Linker created -
    .text                 ro code  0x0800cd54    0xba4  api_msg.o [2]
    .text                 ro code  0x0800d8f8    0x1f2  sys_arch.o [2]
    .text                 ro code  0x0800daec     0xd8  memp.o [2]
    .text                 ro code  0x0800dbc4    0x214  tcpip.o [2]
    Veneer                ro code  0x0800ddd8      0x8  - Linker created -
    .text                 ro code  0x0800dde0    0x462  pbuf.o [2]
    .text                 ro code  0x0800e242     0x74  netbuf.o [2]
    Veneer                ro code  0x0800e2b8      0x8  - Linker created -
    .text                 ro code  0x0800e2c0    0xb34  tcp.o [2]
    .text                 ro code  0x0800edf4    0x410  udp.o [2]
    .text                 ro code  0x0800f204    0x174  raw.o [2]
    .text                 ro code  0x0800f378    0xa60  tcp_out.o [2]
    Veneer                ro code  0x0800fdd8      0x8  - Linker created -
    .text                 ro code  0x0800fde0    0x698  dns.o [2]
    .text                 ro code  0x08010478    0x4a2  queue1.o [2]
    Veneer                ro code  0x0801091c      0x8  - Linker created -
    .text                 ro code  0x08010924    0x970  tasks.o [2]
    .text                 ro code  0x08011294    0x15c  port.o [2]
    .text                 ro code  0x080113f0    0x264  lwip_timers.o [2]
    .text                 ro code  0x08011654    0x738  etharp.o [2]
    .text                 ro code  0x08011d8c    0x35c  ip.o [2]
    .text                 ro code  0x080120e8     0x2e  init.o [2]
    .text                 ro code  0x08012118    0x260  mem.o [2]
    .text                 ro code  0x08012378    0x1da  ip_addr.o [2]
    .text                 ro code  0x08012552     0x26  def.o [2]
    .text                 ro code  0x08012578    0x13a  inet_chksum.o [2]
    .text                 ro code  0x080126b4    0x188  icmp.o [2]
    .text                 ro code  0x0801283c     0xe0  rand.o [4]
    .text                 ro code  0x0801291c     0x8e  list.o [2]
    .text                 ro code  0x080129ac    0x1c8  heap_5.o [2]
    .text                 ro code  0x08012b74    0x34c  timers.o [2]
    Veneer                ro code  0x08012ec0      0x8  - Linker created -
    Veneer                ro code  0x08012ec8      0x8  - Linker created -
    Veneer                ro code  0x08012ed0      0x8  - Linker created -
    Veneer                ro code  0x08012ed8      0x8  - Linker created -
    Veneer                ro code  0x08012ee0      0x8  - Linker created -
    Veneer                ro code  0x08012ee8      0x8  - Linker created -
    .text                 ro code  0x08012ef0    0x5c4  rtl8710b_freertos_pmu.o [7]
    .text                 ro code  0x080134b4     0x24  printf.o [4]
    .text                 ro code  0x080134d8    0x508  ip_frag.o [2]
    .text                 ro code  0x080139e0    0xda2  dhcp.o [2]
    .text                 ro code  0x08014784    0x2e2  autoip.o [2]
    .text                 ro code  0x08014a68    0x3f0  igmp.o [2]
    .text                 ro code  0x08014e58      0x6  ABImemclr.o [15]
    .text                 ro code  0x08014e60    0xed8  tcp_in.o [2]
    .text                 ro code  0x08015d38    0x18e  netif.o [2]
    .text                 ro code  0x08015ec8    0xfb0  sockets.o [2]
    Veneer                ro code  0x08016e78      0x8  - Linker created -
    Veneer                ro code  0x08016e80      0x8  - Linker created -
    Veneer                ro code  0x08016e88      0x8  - Linker created -
    Veneer                ro code  0x08016e90      0x8  - Linker created -
    Veneer                ro code  0x08016e98      0x8  - Linker created -
    Veneer                ro code  0x08016ea0      0x8  - Linker created -
    Veneer                ro code  0x08016ea8      0x8  - Linker created -
    Veneer                ro code  0x08016eb0      0x8  - Linker created -
    Veneer                ro code  0x08016eb8      0x8  - Linker created -
    Veneer                ro code  0x08016ec0      0x8  - Linker created -
    Veneer                ro code  0x08016ec8      0x8  - Linker created -
    Veneer                ro code  0x08016ed0      0x8  - Linker created -
    .text                 ro code  0x08016ed8    0x10c  system_8195a.o [7]
    .text                 ro code  0x08016fe4    0x4f0  osdep_service.o [2]
    .text                 ro code  0x080174d4    0x3c8  lwip_netconf.o [2]
    Veneer                ro code  0x0801789c      0x8  - Linker created -
    Veneer                ro code  0x080178a4      0x8  - Linker created -
    Veneer                ro code  0x080178ac      0x8  - Linker created -
    Veneer                ro code  0x080178b4      0x8  - Linker created -
    Veneer                ro code  0x080178bc      0x8  - Linker created -
    Veneer                ro code  0x080178c4      0x8  - Linker created -
    Veneer                ro code  0x080178cc      0x8  - Linker created -
    Veneer                ro code  0x080178d4      0x8  - Linker created -
    Veneer                ro code  0x080178dc      0x8  - Linker created -
    Veneer                ro code  0x080178e4      0x8  - Linker created -
    Veneer                ro code  0x080178ec      0x8  - Linker created -
    Veneer                ro code  0x080178f4      0x8  - Linker created -
    Veneer                ro code  0x080178fc      0x8  - Linker created -
    Veneer                ro code  0x08017904      0x8  - Linker created -
    Veneer                ro code  0x0801790c      0x8  - Linker created -
    Veneer                ro code  0x08017914      0x8  - Linker created -
    Veneer                ro code  0x0801791c      0x8  - Linker created -
    Veneer                ro code  0x08017924      0x8  - Linker created -
    Veneer                ro code  0x0801792c      0x8  - Linker created -
    Veneer                ro code  0x08017934      0x8  - Linker created -
    Veneer                ro code  0x0801793c      0x8  - Linker created -
    Veneer                ro code  0x08017944      0x8  - Linker created -
    Veneer                ro code  0x0801794c      0x8  - Linker created -
    Veneer                ro code  0x08017954      0x8  - Linker created -
    Veneer                ro code  0x0801795c      0x8  - Linker created -
    .text                 ro code  0x08017964    0x694  rtl8710b_psm.o [7]
    .text                 ro code  0x08017ff8    0x150  xprintftiny.o [4]
    .text                 ro code  0x08018148     0x20  srand.o [4]
    .text                 ro code  0x08018168     0x66  ABImemset.o [15]
    Veneer                ro code  0x080181d0      0x8  - Linker created -
    Veneer                ro code  0x080181d8      0x8  - Linker created -
    Veneer                ro code  0x080181e0      0x8  - Linker created -
    Veneer                ro code  0x080181e8      0x8  - Linker created -
    .text                 ro code  0x080181f0    0x12c  ram_libc.o [8]
    .text                 ro code  0x0801831c     0xb8  wifi_ind.o [2]
    Veneer                ro code  0x080183d4      0x8  - Linker created -
    .text                 ro code  0x080183dc    0x810  lxbus_suspend.o [10]
    .text                 ro code  0x08018bec     0x10  rtl8710b_bor.o [7]
    Veneer                ro code  0x08018bfc      0x8  - Linker created -
    .text                 ro code  0x08018c04     0xac  rtl8710b_pinmap.o [7]
    Veneer                ro code  0x08018cb0      0x8  - Linker created -
    Veneer                ro code  0x08018cb8      0x8  - Linker created -
    Veneer                ro code  0x08018cc0      0x8  - Linker created -
    Veneer                ro code  0x08018cc8      0x8  - Linker created -
    Veneer                ro code  0x08018cd0      0x8  - Linker created -
    Veneer                ro code  0x08018cd8      0x8  - Linker created -
    Veneer                ro code  0x08018ce0      0x8  - Linker created -
    Veneer                ro code  0x08018ce8      0x8  - Linker created -
    Veneer                ro code  0x08018cf0      0x8  - Linker created -
    Veneer                ro code  0x08018cf8      0x8  - Linker created -
    Veneer                ro code  0x08018d00      0x8  - Linker created -
    Veneer                ro code  0x08018d08      0x8  - Linker created -
    Veneer                ro code  0x08018d10      0x8  - Linker created -
    Veneer                ro code  0x08018d18      0x8  - Linker created -
    Veneer                ro code  0x08018d20      0x8  - Linker created -
    .text                 ro code  0x08018d28    0x31c  rtl_consol.o [2]
    .text                 ro code  0x08019044     0x36  strlen.o [15]
    Veneer                ro code  0x0801907c      0x8  - Linker created -
    .text                 ro code  0x08019084    0x104  ram_libgloss_retarget.o [8]
    .text                 ro code  0x08019188     0x54  rtw_io.o [10]
    .text                 ro code  0x080191dc    0xdf0  lxbus_ops.o [10]
    Veneer                ro code  0x08019fcc      0x8  - Linker created -
    Veneer                ro code  0x08019fd4      0x8  - Linker created -
    Veneer                ro code  0x08019fdc      0x8  - Linker created -
    Veneer                ro code  0x08019fe4      0x8  - Linker created -
    Veneer                ro code  0x08019fec      0x8  - Linker created -
    Veneer                ro code  0x08019ff4      0x8  - Linker created -
    .text                 ro code  0x08019ffc    0xd28  rtl8711b_cmd.o [10]
    Veneer                ro code  0x0801ad24      0x8  - Linker created -
    Veneer                ro code  0x0801ad2c      0x8  - Linker created -
    Veneer                ro code  0x0801ad34      0x8  - Linker created -
    Veneer                ro code  0x0801ad3c      0x8  - Linker created -
    Veneer                ro code  0x0801ad44      0x8  - Linker created -
    Veneer                ro code  0x0801ad4c      0x8  - Linker created -
    Veneer                ro code  0x0801ad54      0x8  - Linker created -
    Veneer                ro code  0x0801ad5c      0x8  - Linker created -
    Veneer                ro code  0x0801ad64      0x8  - Linker created -
    Veneer                ro code  0x0801ad6c      0x8  - Linker created -
    Veneer                ro code  0x0801ad74      0x8  - Linker created -
    Veneer                ro code  0x0801ad7c      0x8  - Linker created -
    Veneer                ro code  0x0801ad84      0x8  - Linker created -
    Veneer                ro code  0x0801ad8c      0x8  - Linker created -
    Veneer                ro code  0x0801ad94      0x8  - Linker created -
    .text                 ro code  0x0801ad9c    0xc2a  rtw_wlan_util.o [10]
    .text                 ro code  0x0801b9c6    0x44e  hal_intf.o [10]
    .text                 ro code  0x0801be14    0x718  rtw_pwrctrl.o [10]
    .text                 ro code  0x0801c52c    0x624  rtw_sta_mgt.o [10]
    Veneer                ro code  0x0801cb50      0x8  - Linker created -
    Veneer                ro code  0x0801cb58      0x8  - Linker created -
    .text                 ro code  0x0801cb60   0x1074  rtw_cmd.o [10]
    .text                 ro code  0x0801dbd4    0x100  freertos_xmit.o [10]
    Veneer                ro code  0x0801dcd4      0x8  - Linker created -
    Veneer                ro code  0x0801dcdc      0x8  - Linker created -
    Veneer                ro code  0x0801dce4      0x8  - Linker created -
    Veneer                ro code  0x0801dcec      0x8  - Linker created -
    Veneer                ro code  0x0801dcf4      0x8  - Linker created -
    Veneer                ro code  0x0801dcfc      0x8  - Linker created -
    Veneer                ro code  0x0801dd04      0x8  - Linker created -
    Veneer                ro code  0x0801dd0c      0x8  - Linker created -
    Veneer                ro code  0x0801dd14      0x8  - Linker created -
    Veneer                ro code  0x0801dd1c      0x8  - Linker created -
    .text                 ro code  0x0801dd24    0x5b0  monitor.o [2]
    Veneer                ro code  0x0801e2d4      0x8  - Linker created -
    Veneer                ro code  0x0801e2dc      0x8  - Linker created -
    .text                 ro code  0x0801e2e4    0x474  log_service.o [2]
    .text                 ro code  0x0801e758   0x1740  rtw_xmit.o [10]
    .text                 ro code  0x0801fe98    0x91a  rtl8711b_xmit.o [10]
    .text                 ro code  0x080207b4   0x143c  rtw_mlme.o [10]
    Veneer                ro code  0x08021bf0      0x8  - Linker created -
    Veneer                ro code  0x08021bf8      0x8  - Linker created -
    Veneer                ro code  0x08021c00      0x8  - Linker created -
    Veneer                ro code  0x08021c08      0x8  - Linker created -
    Veneer                ro code  0x08021c10      0x8  - Linker created -
    Veneer                ro code  0x08021c18      0x8  - Linker created -
    .text                 ro code  0x08021c20   0x4cc0  rtw_mlme_ext.o [10]
    .text                 ro code  0x080268e0    0x3a0  freertos_skbuff.o [10]
    .text                 ro code  0x08026c80    0x266  rtl8711b_rxdesc.o [10]
    Veneer                ro code  0x08026ee8      0x8  - Linker created -
    .text                 ro code  0x08026ef0   0x1528  rtw_recv.o [10]
    .text                 ro code  0x08028418    0xc20  hal_com.o [10]
    .text                 ro code  0x08029038      0x6  ABImemclr4.o [15]
    Veneer                ro code  0x08029040      0x8  - Linker created -
    Veneer                ro code  0x08029048      0x8  - Linker created -
    Veneer                ro code  0x08029050      0x8  - Linker created -
    Veneer                ro code  0x08029058      0x8  - Linker created -
    Veneer                ro code  0x08029060      0x8  - Linker created -
    Veneer                ro code  0x08029068      0x8  - Linker created -
    Veneer                ro code  0x08029070      0x8  - Linker created -
    Veneer                ro code  0x08029078      0x8  - Linker created -
    Veneer                ro code  0x08029080      0x8  - Linker created -
    Veneer                ro code  0x08029088      0x8  - Linker created -
    Veneer                ro code  0x08029090      0x8  - Linker created -
    Veneer                ro code  0x08029098      0x8  - Linker created -
    Veneer                ro code  0x080290a0      0x8  - Linker created -
    Veneer                ro code  0x080290a8      0x8  - Linker created -
    Veneer                ro code  0x080290b0      0x8  - Linker created -
    Veneer                ro code  0x080290b8      0x8  - Linker created -
    Veneer                ro code  0x080290c0      0x8  - Linker created -
    Veneer                ro code  0x080290c8      0x8  - Linker created -
    Veneer                ro code  0x080290d0      0x8  - Linker created -
    Veneer                ro code  0x080290d8      0x8  - Linker created -
    Veneer                ro code  0x080290e0      0x8  - Linker created -
    Veneer                ro code  0x080290e8      0x8  - Linker created -
    Veneer                ro code  0x080290f0      0x8  - Linker created -
    Veneer                ro code  0x080290f8      0x8  - Linker created -
    Veneer                ro code  0x08029100      0x8  - Linker created -
    Veneer                ro code  0x08029108      0x8  - Linker created -
    Veneer                ro code  0x08029110      0x8  - Linker created -
    Veneer                ro code  0x08029118      0x8  - Linker created -
    .text                 ro code  0x08029120   0x10ce  rtl8711b_hal_init.o [10]
    .text                 ro code  0x0802a1f0    0x374  phydm_RaInfo.o [10]
    .text                 ro code  0x0802a564    0x25c  lwip_intf.o [2]
    Veneer                ro code  0x0802a7c0      0x8  - Linker created -
    Veneer                ro code  0x0802a7c8      0x8  - Linker created -
    Veneer                ro code  0x0802a7d0      0x8  - Linker created -
    .text                 ro code  0x0802a7d8   0x1650  rtw_ap.o [10]
    .text                 ro code  0x0802be28    0x380  rtw_intfs.o [10]
    .text                 ro code  0x0802c1a8    0xc74  rtk_wlan_if.o [10]
    Veneer                ro code  0x0802ce1c      0x8  - Linker created -
    Veneer                ro code  0x0802ce24      0x8  - Linker created -
    Veneer                ro code  0x0802ce2c      0x8  - Linker created -
    Veneer                ro code  0x0802ce34      0x8  - Linker created -
    .text                 ro code  0x0802ce3c   0x32d4  freertos_ioctl.o [10]
    Veneer                ro code  0x08030110      0x8  - Linker created -
    Veneer                ro code  0x08030118      0x8  - Linker created -
    Veneer                ro code  0x08030120      0x8  - Linker created -
    Veneer                ro code  0x08030128      0x8  - Linker created -
    Veneer                ro code  0x08030130      0x8  - Linker created -
    Veneer                ro code  0x08030138      0x8  - Linker created -
    Veneer                ro code  0x08030140      0x8  - Linker created -
    Veneer                ro code  0x08030148      0x8  - Linker created -
    Veneer                ro code  0x08030150      0x8  - Linker created -
    Veneer                ro code  0x08030158      0x8  - Linker created -
    Veneer                ro code  0x08030160      0x8  - Linker created -
    Veneer                ro code  0x08030168      0x8  - Linker created -
    Veneer                ro code  0x08030170      0x8  - Linker created -
    Veneer                ro code  0x08030178      0x8  - Linker created -
    Veneer                ro code  0x08030180      0x8  - Linker created -
    Veneer                ro code  0x08030188      0x8  - Linker created -
    Veneer                ro code  0x08030190      0x8  - Linker created -
    Veneer                ro code  0x08030198      0x8  - Linker created -
    Veneer                ro code  0x080301a0      0x8  - Linker created -
    Veneer                ro code  0x080301a8      0x8  - Linker created -
    .text                 ro code  0x080301b0   0x1570  rtw_psk.o [10]
    .text                 ro code  0x08031720     0x16  wifi_eap_config.o [2]
    .text                 ro code  0x08031738    0xee8  wifi_util.o [2]
    Veneer                ro code  0x08032620      0x8  - Linker created -
    .text                 ro code  0x08032628   0x18e0  atcmd_wifi.o [2]
    Veneer                ro code  0x08033f08      0x8  - Linker created -
    Veneer                ro code  0x08033f10      0x8  - Linker created -
    Veneer                ro code  0x08033f18      0x8  - Linker created -
    Veneer                ro code  0x08033f20      0x8  - Linker created -
    Veneer                ro code  0x08033f28      0x8  - Linker created -
    Veneer                ro code  0x08033f30      0x8  - Linker created -
    .text                 ro code  0x08033f38    0x314  rtw_security.o [10]
    .text                 ro code  0x0803424c    0xb10  freertos_intfs.o [10]
    .text                 ro code  0x08034d5c     0x76  ABImemcpy_unaligned.o [15]
    .text                 ro code  0x08034dd4    0x1f6  rtw_ieee80211.o [10]
    Veneer                ro code  0x08034fcc      0x8  - Linker created -
    .text                 ro code  0x08034fd4    0x73c  freertos_service.o [2]
    .text                 ro code  0x08035710    0x668  phydm_HWConfig.o [10]
    .text                 ro code  0x08035d78    0x3d0  freertos_recv.o [10]
    .text                 ro code  0x08036148    0x3a0  wifi_promisc.o [2]
    .text                 ro code  0x080364e8     0x3a  ABImemset48.o [15]
    .text                 ro code  0x08036524    0x7dc  phydm_DIG.o [10]
    .text                 ro code  0x08036d00    0x33a  PhyDM_Adaptivity.o [10]
    .text                 ro code  0x0803703c    0x47a  phydm.o [10]
    .text                 ro code  0x080374b8    0x164  ethernetif.o [2]
    .text                 ro code  0x0803761c    0x552  rtw_ioctl_set.o [10]
    .text                 ro code  0x08037b70     0x24  sscanf.o [4]
    .text                 ro code  0x08037b94    0x352  phydm_ACS.o [10]
    .text                 ro code  0x08037ee8    0xa58  hal_com_phycfg.o [10]
    Veneer                ro code  0x08038940      0x8  - Linker created -
    Veneer                ro code  0x08038948      0x8  - Linker created -
    Veneer                ro code  0x08038950      0x8  - Linker created -
    Veneer                ro code  0x08038958      0x8  - Linker created -
    Veneer                ro code  0x08038960      0x8  - Linker created -
    .text                 ro code  0x08038968    0x440  rtl8711b_hal_efuse.o [10]
    .text                 ro code  0x08038da8   0x104c  HalHWImg8711B_BB.o [10]
    .text                 ro code  0x08039df4   0x1784  wifi_conf.o [2]
    .text                 ro code  0x0803b578   0x1ae8  wifi_simple_config.o [2]
    .text                 ro code  0x0803d060    0x8fe  dhcps.o [2]
    .text                 ro code  0x0803d960    0x620  ping_test.o [2]
    Veneer                ro code  0x0803df80      0x8  - Linker created -
    .text                 ro code  0x0803df88   0x1f94  tcptest.o [2]
    .text                 ro code  0x0803ff1c    0x190  netdev.o [10]
    Veneer                ro code  0x080400ac      0x8  - Linker created -
    Veneer                ro code  0x080400b4      0x8  - Linker created -
    Veneer                ro code  0x080400bc      0x8  - Linker created -
    Veneer                ro code  0x080400c4      0x8  - Linker created -
    Veneer                ro code  0x080400cc      0x8  - Linker created -
    Veneer                ro code  0x080400d4      0x8  - Linker created -
    Veneer                ro code  0x080400dc      0x8  - Linker created -
    Veneer                ro code  0x080400e4      0x8  - Linker created -
    Veneer                ro code  0x080400ec      0x8  - Linker created -
    Veneer                ro code  0x080400f4      0x8  - Linker created -
    Veneer                ro code  0x080400fc      0x8  - Linker created -
    Veneer                ro code  0x08040104      0x8  - Linker created -
    Veneer                ro code  0x0804010c      0x8  - Linker created -
    Veneer                ro code  0x08040114      0x8  - Linker created -
    Veneer                ro code  0x0804011c      0x8  - Linker created -
    Veneer                ro code  0x08040124      0x8  - Linker created -
    Veneer                ro code  0x0804012c      0x8  - Linker created -
    .text                 ro code  0x08040134    0x70c  lxbus_halinit.o [10]
    .text                 ro code  0x08040840     0x38  hci_intfs.o [10]
    .text                 ro code  0x08040878     0x66  phydm_interface.o [10]
    Veneer                ro code  0x080408e0      0x8  - Linker created -
    Veneer                ro code  0x080408e8      0x8  - Linker created -
    Veneer                ro code  0x080408f0      0x8  - Linker created -
    .text                 ro code  0x080408f8     0x86  phydm_CfoTracking.o [10]
    .text                 ro code  0x08040980    0xf90  HalHWImg8711B_RF.o [10]
    .text                 ro code  0x08041910    0x478  HalHWImg8711B_MAC.o [10]
    .text                 ro code  0x08041d88   0x7da0  HalHWImg8711B_FW.o [10]
    .text                 ro code  0x08049b28    0x9f4  rtw_promisc.o [10]
    .text                 ro code  0x0804a51c    0x1e8  phydm_PowerTracking.o [10]
    .text                 ro code  0x0804a704     0x14  phydm_debug.o [10]
    .text                 ro code  0x0804a718    0x514  xscanfsmall_nomb.o [4]
    Veneer                ro code  0x0804ac2c      0x8  - Linker created -
    Veneer                ro code  0x0804ac34      0x8  - Linker created -
    .text                 ro code  0x0804ac3c    0x9cc  rtl8711b_phycfg.o [10]
    Veneer                ro code  0x0804b608      0x8  - Linker created -
    .text                 ro code  0x0804b610    0x88c  rtl8710b_efuse.o [7]
    .text                 ro code  0x0804be9c     0xd8  phydm_RegConfig8711B.o [10]
    .text                 ro code  0x0804bf74     0xa4  device_lock.o [2]
    Veneer                ro code  0x0804c018      0x8  - Linker created -
    Veneer                ro code  0x0804c020      0x8  - Linker created -
    Veneer                ro code  0x0804c028      0x8  - Linker created -
    Veneer                ro code  0x0804c030      0x8  - Linker created -
    Veneer                ro code  0x0804c038      0x8  - Linker created -
    Veneer                ro code  0x0804c040      0x8  - Linker created -
    Veneer                ro code  0x0804c048      0x8  - Linker created -
    .text                 ro code  0x0804c050   0x136c  wifi_simple_config_parser.o [10]
    .text                 ro code  0x0804d3bc    0x120  netdb.o [2]
    Veneer                ro code  0x0804d4dc      0x8  - Linker created -
    Veneer                ro code  0x0804d4e4      0x8  - Linker created -
    .text                 ro code  0x0804d4ec    0x450  rtl8711b_firmware.o [10]
    Veneer                ro code  0x0804d93c      0x8  - Linker created -
    Veneer                ro code  0x0804d944      0x8  - Linker created -
    Veneer                ro code  0x0804d94c      0x8  - Linker created -
    Veneer                ro code  0x0804d954      0x8  - Linker created -
    Veneer                ro code  0x0804d95c      0x8  - Linker created -
    Veneer                ro code  0x0804d964      0x8  - Linker created -
    .text                 ro code  0x0804d96c    0x540  rtl8711b_dm.o [10]
    .text                 ro code  0x0804deac   0x14ac  HalPhyRf_8711B.o [10]
    .text                 ro code  0x0804f358     0xdc  HalPwrSeqCmd.o [10]
    .text                 ro code  0x0804f434     0x18  wlan_ram_map.o [10]
    .text                 ro code  0x0804f44c    0x4e8  HalPhyRf.o [10]
    .text                 ro code  0x0804f934     0x16  strchr.o [15]
    .text                 ro code  0x0804f94a     0x86  xstol.o [4]
    .text                 ro code  0x0804f9d0    0x19c  xstoul.o [4]
    .text                 ro code  0x0804fb6c     0xf4  rtl8711b_rf6052.o [10]
    .text                 ro code  0x0804fc60     0x58  memchr.o [15]
    Veneer                ro code  0x0804fcb8      0x8  - Linker created -
    .text                 ro code  0x0804fcc0     0x30  app_start.o [2]
    .text                 ro code  0x0804fcf0     0x20  cmain_call_ctors.o [15]
    .text                 ro code  0x0804fd10    0x2fc  main.o [2]
    .text                 ro code  0x0805000c     0x18  cppinit.o [4]
    .text                 ro code  0x08050024   0x19f8  devicemanager.o [13]
    Veneer                ro code  0x08051a1c      0x8  - Linker created -
    Veneer                ro code  0x08051a24      0x8  - Linker created -
    Veneer                ro code  0x08051a2c      0x8  - Linker created -
    Veneer                ro code  0x08051a34      0x8  - Linker created -
    Veneer                ro code  0x08051a3c      0x8  - Linker created -
    Veneer                ro code  0x08051a44      0x8  - Linker created -
    Veneer                ro code  0x08051a4c      0x8  - Linker created -
    Veneer                ro code  0x08051a54      0x8  - Linker created -
    .text                 ro code  0x08051a5c   0x1fac  rtos.o [13]
    .text                 ro code  0x08053a08    0x300  iotsdk.o [13]
    .text                 ro code  0x08053d08   0x1608  configdata.o [13]
    .text                 ro code  0x08055310   0x126c  wifi_door_lock.o [2]
    .text                 ro code  0x0805657c     0xbc  iotcommon.o [13]
    .text                 ro code  0x08056638    0x620  device.o [2]
    .text                 ro code  0x08056c58     0xdc  wlan_network.o [2]
    Veneer                ro code  0x08056d34      0x8  - Linker created -
    Veneer                ro code  0x08056d3c      0x8  - Linker created -
    Veneer                ro code  0x08056d44      0x8  - Linker created -
    Veneer                ro code  0x08056d4c      0x8  - Linker created -
    Veneer                ro code  0x08056d54      0x8  - Linker created -
    .text                 ro code  0x08056d5c    0x2ac  rtc_api.o [2]
    .text                 ro code  0x08057008     0x44  xassert.o [4]
    .text                 ro code  0x0805704c    0x924  userparam.o [13]
    .text                 ro code  0x08057970   0x49e8  commcloud.o [13]
    .text                 ro code  0x0805c358    0x11c  memory.o [13]
    Veneer                ro code  0x0805c474      0x8  - Linker created -
    Veneer                ro code  0x0805c47c      0x8  - Linker created -
    Veneer                ro code  0x0805c484      0x8  - Linker created -
    .text                 ro code  0x0805c48c   0x1460  ota.o [13]
    .text                 ro code  0x0805d8ec   0x1090  wifi.o [13]
    .text                 ro code  0x0805e97c   0x1874  wificonfig.o [13]
    .text                 ro code  0x080601f0    0x808  websockets.o [13]
    Veneer                ro code  0x080609f8      0x8  - Linker created -
    Veneer                ro code  0x08060a00      0x8  - Linker created -
    .text                 ro code  0x08060a08    0x294  flash_api.o [2]
    .text                 ro code  0x08060c9c    0x17c  sys_api.o [2]
    .text                 ro code  0x08060e18     0x18  cmsis_os.o [2]
    Veneer                ro code  0x08060e30      0x8  - Linker created -
    Veneer                ro code  0x08060e38      0x8  - Linker created -
    Veneer                ro code  0x08060e40      0x8  - Linker created -
    Veneer                ro code  0x08060e48      0x8  - Linker created -
    .text                 ro code  0x08060e50     0x28  wdt_api.o [2]
    Veneer                ro code  0x08060e78      0x8  - Linker created -
    .text                 ro code  0x08060e80   0x12a4  cJSON.o [13]
    .text                 ro code  0x08062124     0xb6  localtim.o [4]
    .text                 ro code  0x080621dc    0x1e0  sntp.o [2]
    .text                 ro code  0x080623bc      0xe  ctime.o [4]
    .text                 ro code  0x080623cc    0x33c  report_task.o [2]
    .text                 ro code  0x08062708    0x16c  wifi_door_lock_uart_driver.o [2]
    .text                 ro code  0x08062874    0x280  protocol.o [2]
    .text                 ro code  0x08062af4    0x268  message_queue.o [2]
    .text                 ro code  0x08062d5c     0xd0  mktime.o [4]
    .text                 ro code  0x08062e2c    0x26c  queue.o [13]
    .text                 ro code  0x08063098     0x60  flash.o [2]
    .text                 ro code  0x080630f8     0xb8  led.o [2]
    .text                 ro code  0x080631b0     0xbc  lamp_effect.o [2]
    .text                 ro code  0x0806326c     0x46  hal_dev.o [2]
    .text                 ro code  0x080632b4    0x55c  schema_task.o [2]
    .text                 ro code  0x08063810     0x44  strcpy_unaligned.o [15]
    .text                 ro code  0x08063854     0x34  sprintf.o [4]
    .text                 ro code  0x08063888     0xc8  xreportassert.o [4]
    .text                 ro code  0x08063950      0x6  abort.o [4]
    .text                 ro code  0x08063958    0xf8c  tcpserver.o [13]
    .text                 ro code  0x080648e4     0x4e  FltToDbl.o [14]
    .text                 ro code  0x08064932     0x10  atof.o [14]
    .text                 ro code  0x08064944     0x90  DblToFlt.o [14]
    .text                 ro code  0x080649d4    0x134  cloudparam.o [13]
    Veneer                ro code  0x08064b08      0x8  - Linker created -
    .text                 ro code  0x08064b10    0x96c  ssl.o [13]
    Veneer                ro code  0x0806547c      0x8  - Linker created -
    Veneer                ro code  0x08065484      0x8  - Linker created -
    Veneer                ro code  0x0806548c      0x8  - Linker created -
    Veneer                ro code  0x08065494      0x8  - Linker created -
    .text                 ro code  0x0806549c    0x140  wps_protocol_handler.o [11]
    .text                 ro code  0x080655dc    0x1c4  encode.o [13]
    .text                 ro code  0x080657a0    0x460  wsclient_tls.o [2]
    .text                 ro code  0x08065c00    0xb60  wsclient_api.o [9]
    .text                 ro code  0x08066760      0xc  tolower.o [4]
    .text                 ro code  0x0806676c     0x6e  floor.o [14]
    .text                 ro code  0x080667dc     0x29  setlocale.o [4]
    .text                 ro code  0x08066808      0xa  getzone.o [4]
    .text                 ro code  0x08066812     0x42  xgettime.o [4]
    .text                 ro code  0x08066854    0x188  xttotm.o [4]
    .text                 ro code  0x080669dc     0x2c  asctime.o [4]
    .text                 ro code  0x08066a08     0x14  memset.o [4]
    .text                 ro code  0x08066a1c      0xc  memcpy.o [4]
    Veneer                ro code  0x08066a28      0x8  - Linker created -
    Veneer                ro code  0x08066a30      0x8  - Linker created -
    Veneer                ro code  0x08066a38      0x8  - Linker created -
    Veneer                ro code  0x08066a40      0x8  - Linker created -
    Veneer                ro code  0x08066a48      0x8  - Linker created -
    Veneer                ro code  0x08066a50      0x8  - Linker created -
    Veneer                ro code  0x08066a58      0x8  - Linker created -
    Veneer                ro code  0x08066a60      0x8  - Linker created -
    Veneer                ro code  0x08066a68      0x8  - Linker created -
    Veneer                ro code  0x08066a70      0x8  - Linker created -
    Veneer                ro code  0x08066a78      0x8  - Linker created -
    Veneer                ro code  0x08066a80      0x8  - Linker created -
    Veneer                ro code  0x08066a88      0x8  - Linker created -
    Veneer                ro code  0x08066a90      0x8  - Linker created -
    Veneer                ro code  0x08066a98      0x8  - Linker created -
    .text                 ro code  0x08066aa0    0x5fc  serial_api.o [2]
    .text                 ro code  0x0806709c    0x104  gpio_api.o [2]
    .text                 ro code  0x080671a0      0x8  abs.o [4]
    .text                 ro code  0x080671a8     0x3d  strtok_r.o [4]
    .text                 ro code  0x080671e6     0x28  putchar.o [4]
    .text                 ro code  0x08067210      0xc  XXexit.o [15]
    .text                 ro code  0x0806721c    0xab4  ap_ota.o [13]
    .text                 ro code  0x08067cd0    0x168  xstod.o [14]
    .text                 ro code  0x08067e38     0x7c  ssl_ram_map.o [2]
    Veneer                ro code  0x08067eb4      0x8  - Linker created -
    Veneer                ro code  0x08067ebc      0x8  - Linker created -
    Veneer                ro code  0x08067ec4      0x8  - Linker created -
    Veneer                ro code  0x08067ecc      0x8  - Linker created -
    Veneer                ro code  0x08067ed4      0x8  - Linker created -
    Veneer                ro code  0x08067edc      0x8  - Linker created -
    Veneer                ro code  0x08067ee4      0x8  - Linker created -
    Veneer                ro code  0x08067eec      0x8  - Linker created -
    Veneer                ro code  0x08067ef4      0x8  - Linker created -
    Veneer                ro code  0x08067efc      0x8  - Linker created -
    Veneer                ro code  0x08067f04      0x8  - Linker created -
    Veneer                ro code  0x08067f0c      0x8  - Linker created -
    Veneer                ro code  0x08067f14      0x8  - Linker created -
    Veneer                ro code  0x08067f1c      0x8  - Linker created -
    Veneer                ro code  0x08067f24      0x8  - Linker created -
    Veneer                ro code  0x08067f2c      0x8  - Linker created -
    Veneer                ro code  0x08067f34      0x8  - Linker created -
    Veneer                ro code  0x08067f3c      0x8  - Linker created -
    Veneer                ro code  0x08067f44      0x8  - Linker created -
    Veneer                ro code  0x08067f4c      0x8  - Linker created -
    Veneer                ro code  0x08067f54      0x8  - Linker created -
    Veneer                ro code  0x08067f5c      0x8  - Linker created -
    Veneer                ro code  0x08067f64      0x8  - Linker created -
    Veneer                ro code  0x08067f6c      0x8  - Linker created -
    Veneer                ro code  0x08067f74      0x8  - Linker created -
    Veneer                ro code  0x08067f7c      0x8  - Linker created -
    Veneer                ro code  0x08067f84      0x8  - Linker created -
    Veneer                ro code  0x08067f8c      0x8  - Linker created -
    Veneer                ro code  0x08067f94      0x8  - Linker created -
    Veneer                ro code  0x08067f9c      0x8  - Linker created -
    Veneer                ro code  0x08067fa4      0x8  - Linker created -
    Veneer                ro code  0x08067fac      0x8  - Linker created -
    Veneer                ro code  0x08067fb4      0x8  - Linker created -
    Veneer                ro code  0x08067fbc      0x8  - Linker created -
    Veneer                ro code  0x08067fc4      0x8  - Linker created -
    Veneer                ro code  0x08067fcc      0x8  - Linker created -
    .text                 ro code  0x08067fd4   0x1e54  ssl_tls.o [2]
    Veneer                ro code  0x08069e28      0x8  - Linker created -
    Veneer                ro code  0x08069e30      0x8  - Linker created -
    Veneer                ro code  0x08069e38      0x8  - Linker created -
    Veneer                ro code  0x08069e40      0x8  - Linker created -
    Veneer                ro code  0x08069e48      0x8  - Linker created -
    Veneer                ro code  0x08069e50      0x8  - Linker created -
    Veneer                ro code  0x08069e58      0x8  - Linker created -
    Veneer                ro code  0x08069e60      0x8  - Linker created -
    Veneer                ro code  0x08069e68      0x8  - Linker created -
    Veneer                ro code  0x08069e70      0x8  - Linker created -
    Veneer                ro code  0x08069e78      0x8  - Linker created -
    Veneer                ro code  0x08069e80      0x8  - Linker created -
    Veneer                ro code  0x08069e88      0x8  - Linker created -
    Veneer                ro code  0x08069e90      0x8  - Linker created -
    Veneer                ro code  0x08069e98      0x8  - Linker created -
    .text                 ro code  0x08069ea0   0x15bc  x509_crt.o [2]
    .text                 ro code  0x0806b45c     0xa6  net.o [2]
    .text                 ro code  0x0806b502      0x4  wifi_wps_config.o [2]
    .text                 ro code  0x0806b508    0xf92  iotaes.o [13]
    .text                 ro code  0x0806c49c     0x22  I64Shl.o [15]
    .text                 ro code  0x0806c4c0    0xe20  libwsclient.o [9]
    .text                 ro code  0x0806d2e0    0x134  xisdst.o [4]
    .text                 ro code  0x0806d414    0x180  xlocale_c.o [4]
    .text                 ro code  0x0806d594     0xce  xstrftim.o [4]
    .text                 ro code  0x0806d664    0x118  pinmap_common.o [2]
    .text                 ro code  0x0806d77c     0x22  strspn.o [4]
    .text                 ro code  0x0806d79e     0x22  strcspn.o [4]
    .text                 ro code  0x0806d7c0     0x2c  low_level_io.o [2]
    .text                 ro code  0x0806d7ec    0x130  xstopfx.o [4]
    .text                 ro code  0x0806d91c    0x1b4  xstoflt.o [4]
    .text                 ro code  0x0806dad0    0x200  xstoxflt.o [4]
    .text                 ro code  0x0806dcd0    0x624  cipher.o [2]
    .text                 ro code  0x0806e2f4    0x438  ssl_ciphersuites.o [2]
    Veneer                ro code  0x0806e72c      0x8  - Linker created -
    Veneer                ro code  0x0806e734      0x8  - Linker created -
    .text                 ro code  0x0806e73c    0xac0  ssl_cli.o [2]
    Veneer                ro code  0x0806f1fc      0x8  - Linker created -
    Veneer                ro code  0x0806f204      0x8  - Linker created -
    Veneer                ro code  0x0806f20c      0x8  - Linker created -
    Veneer                ro code  0x0806f214      0x8  - Linker created -
    .text                 ro code  0x0806f21c    0xe74  ssl_srv.o [2]
    Veneer                ro code  0x08070090      0x8  - Linker created -
    Veneer                ro code  0x08070098      0x8  - Linker created -
    Veneer                ro code  0x080700a0      0x8  - Linker created -
    Veneer                ro code  0x080700a8      0x8  - Linker created -
    Veneer                ro code  0x080700b0      0x8  - Linker created -
    .text                 ro code  0x080700b8    0x5b4  x509.o [2]
    Veneer                ro code  0x0807066c      0x8  - Linker created -
    Veneer                ro code  0x08070674      0x8  - Linker created -
    Veneer                ro code  0x0807067c      0x8  - Linker created -
    Veneer                ro code  0x08070684      0x8  - Linker created -
    Veneer                ro code  0x0807068c      0x8  - Linker created -
    Veneer                ro code  0x08070694      0x8  - Linker created -
    .text                 ro code  0x0807069c    0x158  pkparse.o [2]
    .text                 ro code  0x080707f4    0x164  xgetdst.o [4]
    .text                 ro code  0x08070958     0x80  xxmemxfree.o [4]
    .text                 ro code  0x080709d8    0x846  xgentime.o [4]
    .text                 ro code  0x08071220     0xac  pinmap.o [2]
    .text                 ro code  0x080712cc     0xb0  xxmemxmalloc.o [4]
    .text                 ro code  0x0807137c     0x2c  xgetmemchunk.o [4]
    Veneer                ro code  0x080713a8      0x8  - Linker created -
    Veneer                ro code  0x080713b0      0x8  - Linker created -
    Veneer                ro code  0x080713b8      0x8  - Linker created -
    Veneer                ro code  0x080713c0      0x8  - Linker created -
    Veneer                ro code  0x080713c8      0x8  - Linker created -
    .text                 ro code  0x080713d0    0xba4  atcmd_sys.o [2]
    .text                 ro code  0x08071f74     0x58  efuse_api.o [2]
    Veneer                ro code  0x08071fcc      0x8  - Linker created -
    Veneer                ro code  0x08071fd4      0x8  - Linker created -
    Veneer                ro code  0x08071fdc      0x8  - Linker created -
    Veneer                ro code  0x08071fe4      0x8  - Linker created -
    Veneer                ro code  0x08071fec      0x8  - Linker created -
    Veneer                ro code  0x08071ff4      0x8  - Linker created -
    Veneer                ro code  0x08071ffc      0x8  - Linker created -
    Veneer                ro code  0x08072004      0x8  - Linker created -
    Veneer                ro code  0x0807200c      0x8  - Linker created -
    Veneer                ro code  0x08072014      0x8  - Linker created -
    .text                 ro code  0x0807201c    0x18c  cipher_wrap.o [2]
    Veneer                ro code  0x080721a8      0x8  - Linker created -
    Veneer                ro code  0x080721b0      0x8  - Linker created -
    Veneer                ro code  0x080721b8      0x8  - Linker created -
    Veneer                ro code  0x080721c0      0x8  - Linker created -
    Veneer                ro code  0x080721c8      0x8  - Linker created -
    .text                 ro code  0x080721d0    0x1d0  startup.o [2]
    .text                 ro code  0x080723a0    0x2c4  rtl8710b_clk.o [7]
    .text                 ro code  0x08072664     0x28  data_init.o [15]
    Veneer                ro code  0x0807268c      0x8  - Linker created -
    .text                 ro code  0x08072694     0xe8  lxbus_hci_intf.o [10]
    .text                 ro code  0x0807277c     0x34  lxbus_intf.o [10]
    .text                 ro code  0x080727b0     0x7c  freertos_isr.o [10]
    .text                 ro code  0x0807282c     0x1a  fpinit_M.o [14]
    .text                 ro code  0x08072846     0x16  xprout.o [4]
    .rodata               const    0x0807285c     0x58  atcmd_sys.o [2]
    .rodata               const    0x080728b4    0x948  atcmd_wifi.o [2]
    .rodata               const    0x080731fc    0x308  cipher_wrap.o [2]
    .rodata               const    0x08073504    0x144  freertos_service.o [2]
    .rodata               const    0x08073648      0x8  ip_addr.o [2]
    .rodata               const    0x08073650     0x10  log_service.o [2]
    .rodata               const    0x08073660    0x3dc  monitor.o [2]
    .rodata               const    0x08073a3c    0x320  rtl8710b_pinmapcfg.o [2]
    .rodata               const    0x08073d5c     0xe4  rtl8710b_sleepcfg.o [2]
    .rodata               const    0x08073e40     0x18  sntp.o [2]
    .rodata               const    0x08073e58     0xb9  ssl_ciphersuites.o [2]
    .rodata               const    0x08073f12      0x2  ram_libc.o [8]
    .rodata               const    0x08073f14      0xc  wifi_door_lock.o [2]
    .rodata               const    0x08073f20     0x18  iotcommon.o [13]
    .rodata               const    0x08073f38      0x8  rtw_mlme_ext.o [10]
    .rodata               const    0x08073f40     0x14  ota.o [13]
    .rodata               const    0x08073f54     0x10  lxbus_hci_intf.o [10]
    .rodata               const    0x08073f64     0x90  HalHWImg8711B_BB.o [10]
    .rodata               const    0x08073ff4    0x184  rom_rtw_message_f.o [10]
    .rodata               const    0x08074178    0x53c  cloudparam.o [13]
    .rodata               const    0x080746b4    0x140  Hal8711BPwrSeq.o [10]
    .rodata               const    0x080747f4     0xa4  phydm_PowerTracking.o [10]
    .rodata               const    0x08074898    0x498  HalHWImg8711B_RF.o [10]
    .rodata               const    0x08074d30      0x0  zero_init3.o [15]
    CODE                  ro code  0x08074d30     0xb4  portasm.o [2]
                                 - 0x08074de4  0x69dc4

"A4":                                          0x280cc
  IMAGE2                           0x10005000   0x18a8  <Block>
    .ram_image2.entry              0x10005000     0x1c  <Block>
      .image2.entry.data  const    0x10005000      0x8  startup.o [2]
      .image2.validate.rodata
                          const    0x10005008     0x14  startup.o [2]
    .ram.data                      0x10005020   0x138a  <Block>
      .data               const    0x10005020    0x428  ram_libc.o [8]
      .data               const    0x10005448     0xb0  atcmd_sys.o [2]
      .data               const    0x100054f8     0x38  atcmd_wifi.o [2]
      .data               const    0x10005530      0x4  atcmd_wifi.o [2]
      .data               const    0x10005534    0x1b0  atcmd_wifi.o [2]
      .data               const    0x100056e4     0x90  device.o [2]
      .data               const    0x10005774     0x30  device.o [2]
      .data               const    0x100057a4     0x10  device.o [2]
      .data               const    0x100057b4     0x60  dhcps.o [2]
      .data               const    0x10005814      0x4  freertos_service.o [2]
      .data               const    0x10005818     0x44  heap_5.o [2]
      .data               const    0x1000585c     0x84  log_service.o [2]
      .data               const    0x100058e0     0x20  log_service.o [2]
      .data               const    0x10005900      0x4  port.o [2]
      .data               const    0x10005904     0x14  sntp.o [2]
      .data               const    0x10005918     0x14  ssl_tls.o [2]
      .data               const    0x1000592c     0x9c  tasks.o [2]
      .data               const    0x100059c8     0x20  tcp.o [2]
      .data               const    0x100059e8      0x8  udp.o [2]
      .data               const    0x100059f0     0x14  wifi_conf.o [2]
      .data               const    0x10005a04     0x58  wifi_door_lock.o [2]
      .data               const    0x10005a5c     0x68  wifi_simple_config.o [2]
      .data               const    0x10005ac4     0x5c  wifi_simple_config.o [2]
      .data               const    0x10005b20    0x2ac  rtl8710b_freertos_pmu.o [7]
      .data               const    0x10005dcc      0x4  rtl8710b_freertos_pmu.o [7]
      .data               const    0x10005dd0     0x3c  devicemanager.o [13]
      .data               const    0x10005e0c     0x88  rtos.o [13]
      .data               const    0x10005e94      0x4  iotcommon.o [13]
      .data               const    0x10005e98      0x4  iotcommon.o [13]
      .data               const    0x10005e9c      0x4  iotcommon.o [13]
      .data               const    0x10005ea0      0xc  cJSON.o [13]
      .data               const    0x10005eac     0x70  rtw_mlme_ext.o [10]
      .data               const    0x10005f1c      0x8  rtw_psk.o [10]
      .data               const    0x10005f24      0x4  system_8195a.o [7]
      .data               const    0x10005f28      0x4  freertos_skbuff.o [10]
      .data               const    0x10005f2c      0x4  freertos_skbuff.o [10]
      .data               const    0x10005f30      0x4  rtw_debug.o [10]
      .data               const    0x10005f34      0x4  rtl8710b_clk.o [7]
      .data               const    0x10005f38    0x148  wifi_simple_config_parser.o [10]
      .data               const    0x10006080      0x8  wifi_simple_config_parser.o [10]
      .data               const    0x10006088     0x7c  wifi.o [13]
      .data               const    0x10006104      0x4  libwsclient.o [9]
      .data               const    0x10006108      0x8  libwsclient.o [9]
      .data               const    0x10006110      0x8  libwsclient.o [9]
      .data               const    0x10006118      0x8  tcpserver.o [13]
      .data               const    0x10006120      0x4  rtw_xmit.o [10]
      .data               const    0x10006124      0x4  rtw_xmit.o [10]
      .data               const    0x10006128    0x12c  wps_protocol_handler.o [11]
      .data               const    0x10006254      0x8  rtl8711b_cmd.o [10]
      .data               const    0x1000625c      0x8  ssl.o [13]
      .data               const    0x10006264      0x4  phydm_DIG.o [10]
      .data               const    0x10006268      0x2  tcp.o [2]
      .data               const    0x1000626a      0x1  rtw_mlme_ext.o [10]
      .data               const    0x1000626b      0x4  freertos_intfs.o [10]
      .data               const    0x1000626f      0x1  freertos_ioctl.o [10]
      .iar.init_table     const    0x10006270     0x2c  - Linker created -
      __DLIB_PERTHREAD    const    0x1000629c     0x8c  rand.o [4]
      __DLIB_PERTHREAD    const    0x10006328      0x8  localtim.o [4]
      __DLIB_PERTHREAD    const    0x10006330      0x8  setlocale.o [4]
      __DLIB_PERTHREAD    const    0x10006338     0x2c  xttotm.o [4]
      __DLIB_PERTHREAD    const    0x10006364     0x1c  asctime.o [4]
      __DLIB_PERTHREAD    const    0x10006380      0x4  errno.o [4]
      __DLIB_PERTHREAD    const    0x10006384      0x4  xisdst.o [4]
      __DLIB_PERTHREAD    const    0x10006388      0x4  xisdstData.o [4]
      CPP_INIT                     0x1000638c      0x4  <Block>
        SHT$$PREINIT_ARRAY
                                   0x1000638c      0x4  <Block>
          .prepreinit_array
                          const    0x1000638c      0x4  xlocale_c.o [4]
        SHT$$INIT_ARRAY            0x10006390      0x0  <Block>
      Veneer              ro code  0x10006390      0x8  - Linker created -
      .mdns.text          ro code  0x10006398     0x12  posix.o [6]
    .ram.text                      0x100063ac    0x4fc  <Block>
      Veneer              ro code  0x100063ac      0x8  - Linker created -
      Veneer              ro code  0x100063b4      0x8  - Linker created -
      Veneer              ro code  0x100063bc      0x8  - Linker created -
      Veneer              ro code  0x100063c4      0x8  - Linker created -
      Veneer              ro code  0x100063cc      0x8  - Linker created -
      Veneer              ro code  0x100063d4      0x8  - Linker created -
      Veneer              ro code  0x100063dc      0x8  - Linker created -
      Veneer              ro code  0x100063e4      0x8  - Linker created -
      .image2.ram.text    ro code  0x100063ec    0x170  rtl8710b_flash_ram.o [7]
      Veneer              ro code  0x1000655c      0x8  - Linker created -
      Veneer              ro code  0x10006564      0x8  - Linker created -
      Veneer              ro code  0x1000656c      0x8  - Linker created -
      Veneer              ro code  0x10006574      0x8  - Linker created -
      Veneer              ro code  0x1000657c      0x8  - Linker created -
      Veneer              ro code  0x10006584      0x8  - Linker created -
      Veneer              ro code  0x1000658c      0x8  - Linker created -
      Veneer              ro code  0x10006594      0x8  - Linker created -
      .image2.ram.text    ro code  0x1000659c    0x1cc  rtl8710b_psm_ram.o [7]
      Veneer              ro code  0x10006768      0x8  - Linker created -
      .image2.ram.text    ro code  0x10006770    0x138  rtl8710b_ota_ram.o [7]
  .ram_image2.bss                  0x100068a8   0x7b35  <Block>
    .bss                  zero     0x100068a8     0x70  tcptest.o [2]
    .bss                  zero     0x10006918     0x70  tcptest.o [2]
    .bss                  zero     0x10006988     0x78  atcmd_wifi.o [2]
    .bss                  zero     0x10006a00      0x4  atcmd_wifi.o [2]
    .bss                  zero     0x10006a04      0x8  device.o [2]
    .bss                  zero     0x10006a0c     0x18  device_lock.o [2]
    .bss                  zero     0x10006a24     0x34  dhcp.o [2]
    .bss                  zero     0x10006a58      0x4  dhcp.o [2]
    .bss                  zero     0x10006a5c    0x620  dhcps.o [2]
    .bss                  zero     0x1000707c    0x224  dns.o [2]
    .bss                  zero     0x100072a0    0x440  dns.o [2]
    .bss                  zero     0x100076e0     0x30  dns.o [2]
    .bss                  zero     0x10007710     0xc8  etharp.o [2]
    .bss                  zero     0x100077d8      0x4  etharp.o [2]
    .bss                  zero     0x100077dc      0x4  ethernetif.o [2]
    .bss                  zero     0x100077e0      0x4  example_nonblock_connect.o [2]
    .bss                  zero     0x100077e4      0x8  flash.o [2]
    .bss                  zero     0x100077ec     0x24  flash_api.o [2]
    .bss                  zero     0x10007810      0x4  freertos_service.o [2]
    .bss                  zero     0x10007814      0xc  igmp.o [2]
    .bss                  zero     0x10007820     0x10  ip.o [2]
    .bss                  zero     0x10007830     0x10  ip_addr.o [2]
    .bss                  zero     0x10007840      0x8  ip_frag.o [2]
    .bss                  zero     0x10007848     0x20  lamp_effect.o [2]
    .bss                  zero     0x10007868     0x30  led.o [2]
    .bss                  zero     0x10007898    0x100  log_service.o [2]
    .bss                  zero     0x10007998     0x7c  lwip_netconf.o [2]
    .bss                  zero     0x10007a14      0x8  lwip_timers.o [2]
    .bss                  zero     0x10007a1c      0x4  lwip_timers.o [2]
    .bss                  zero     0x10007a20   0x1424  mem.o [2]
    .bss                  zero     0x10008e44   0x4030  memp.o [2]
    .bss                  zero     0x1000ce74     0x28  netdb.o [2]
    .bss                  zero     0x1000ce9c      0xc  netif.o [2]
    .bss                  zero     0x1000cea8      0x4  osdep_service.o [2]
    .bss                  zero     0x1000ceac     0x20  ping_test.o [2]
    .bss                  zero     0x1000cecc      0xc  port.o [2]
    .bss                  zero     0x1000ced8      0x4  protocol.o [2]
    .bss                  zero     0x1000cedc     0x1c  protocol.o [2]
    .bss                  zero     0x1000cef8      0x4  raw.o [2]
    .bss                  zero     0x1000cefc     0x1c  report_task.o [2]
    .bss                  zero     0x1000cf18     0x2c  rtc_api.o [2]
    .bss                  zero     0x1000cf44      0x8  rtc_api.o [2]
    .bss                  zero     0x1000cf4c      0x8  rtl8710b_intfcfg.o [2]
    .bss                  zero     0x1000cf54      0x8  rtl_consol.o [2]
    .bss                  zero     0x1000cf5c      0x8  schema_task.o [2]
    .bss                  zero     0x1000cf64      0x4  schema_task.o [2]
    .bss                  zero     0x1000cf68     0x18  serial_api.o [2]
    .bss                  zero     0x1000cf80      0xc  serial_api.o [2]
    .bss                  zero     0x1000cf8c    0x2dc  serial_api.o [2]
    .bss                  zero     0x1000d268     0x14  sntp.o [2]
    .bss                  zero     0x1000d27c     0xc0  sockets.o [2]
    .bss                  zero     0x1000d33c      0x8  sockets.o [2]
    .bss                  zero     0x1000d344     0x20  ssl_ciphersuites.o [2]
    .bss                  zero     0x1000d364      0xc  startup.o [2]
    .bss                  zero     0x1000d370     0x34  sys_arch.o [2]
    .bss                  zero     0x1000d3a4     0xdc  tasks.o [2]
    .bss                  zero     0x1000d480     0x30  tcp_in.o [2]
    .bss                  zero     0x1000d4b0      0xc  tcpip.o [2]
    .bss                  zero     0x1000d4bc     0x14  tcptest.o [2]
    .bss                  zero     0x1000d4d0     0x14  tcptest.o [2]
    .bss                  zero     0x1000d4e4     0x3c  timers.o [2]
    .bss                  zero     0x1000d520     0x24  wifi_conf.o [2]
    .bss                  zero     0x1000d544      0x4  wifi_conf.o [2]
    .bss                  zero     0x1000d548     0x18  wifi_conf.o [2]
    .bss                  zero     0x1000d560      0x8  wifi_door_lock.o [2]
    .bss                  zero     0x1000d568     0x2c  wifi_door_lock.o [2]
    .bss                  zero     0x1000d594     0x10  wifi_door_lock.o [2]
    .bss                  zero     0x1000d5a4     0x14  wifi_door_lock_uart_driver.o [2]
    .bss                  zero     0x1000d5b8     0x82  wifi_door_lock_uart_driver.o [2]
    .bss                  zero     0x1000d63a      0x2  ip.o [2]
    .bss                  zero     0x1000d63c    0x198  wifi_ind.o [2]
    .bss                  zero     0x1000d7d4      0x8  wifi_promisc.o [2]
    .bss                  zero     0x1000d7dc     0x78  wifi_promisc.o [2]
    .bss                  zero     0x1000d854      0xc  wsclient_tls.o [2]
    .bss                  zero     0x1000d860     0x6c  rtl8710b_psm.o [7]
    .bss                  zero     0x1000d8cc     0x64  rtl8710b_psm.o [7]
    .bss                  zero     0x1000d930      0x8  rtl8710b_psm.o [7]
    .bss                  zero     0x1000d938     0x80  rtl8710b_freertos_pmu.o [7]
    .bss                  zero     0x1000d9b8    0x174  rtl8710b_freertos_pmu.o [7]
    .bss                  zero     0x1000db2c      0x4  ram_libc.o [8]
    .bss                  zero     0x1000db30     0x40  rtk_wlan_if.o [10]
    .bss                  zero     0x1000db70     0x8c  devicemanager.o [13]
    .bss                  zero     0x1000dbfc     0x14  rtos.o [13]
    .bss                  zero     0x1000dc10     0x10  rtos.o [13]
    .bss                  zero     0x1000dc20      0x8  rtos.o [13]
    .bss                  zero     0x1000dc28     0x2c  rtos.o [13]
    .bss                  zero     0x1000dc54     0x20  rtos.o [13]
    .bss                  zero     0x1000dc74      0x4  rtos.o [13]
    .bss                  zero     0x1000dc78      0x4  rtl8710b_efuse.o [7]
    .bss                  zero     0x1000dc7c      0x4  rtw_mlme_ext.o [10]
    .bss                  zero     0x1000dc80      0x4  rtw_mlme_ext.o [10]
    .bss                  zero     0x1000dc84      0x4  rtw_mlme_ext.o [10]
    .bss                  zero     0x1000dc88      0x4  freertos_intfs.o [10]
    .bss                  zero     0x1000dc8c      0xc  freertos_intfs.o [10]
    .bss                  zero     0x1000dc98      0x4  freertos_intfs.o [10]
    .bss                  zero     0x1000dc9c     0x14  freertos_intfs.o [10]
    .bss                  zero     0x1000dcb0    0x11c  rtw_psk.o [10]
    .bss                  zero     0x1000ddcc     0x44  rtw_psk.o [10]
    .bss                  zero     0x1000de10      0x8  wsclient_api.o [9]
    .bss                  zero     0x1000de18     0x60  configdata.o [13]
    .bss                  zero     0x1000de78      0x4  freertos_skbuff.o [10]
[...]
validate_recv_ctrl_frame
                        0x08027a17    0x162  Code  Gb  rtw_recv.o [10]
validate_recv_data_frame
                        0x08027bb5    0x204  Code  Gb  rtw_recv.o [10]
validate_recv_frame     0x08027dd7     0xb0  Code  Gb  rtw_recv.o [10]
validate_recv_mgnt_frame
                        0x08027b79     0x3c  Code  Gb  rtw_recv.o [10]
verify_ota_checksum     0x08051b0d    0x1be  Code  Gb  rtos.o [13]
wakelock                0x10005b3c      0x4  Data  Lc  rtl8710b_freertos_pmu.o [7]
wakeup_sta_to_xmit      0x0801faa7    0x1c6  Code  Gb  rtw_xmit.o [10]
wakeup_time_ms          0x10005b44      0x4  Data  Lc  rtl8710b_freertos_pmu.o [7]
watchdog_init           0x08060e51     0x1e  Code  Gb  wdt_api.o [2]
watchdog_refresh        0x08060e75      0x4  Code  Gb  wdt_api.o [2]
watchdog_start          0x08060e6f      0x6  Code  Gb  wdt_api.o [2]
wep_80211_decrypt {Abs}
                        0x000158e1            --   Gb  command line/config [3]
wep_80211_encrypt {Abs}
                        0x0001587d            --   Gb  command line/config [3]
wext_del_station        0x0803229d      0x4  Code  Gb  wifi_util.o [2]
wext_disable_powersave  0x08031bab     0x44  Code  Gb  wifi_util.o [2]
wext_enable_powersave   0x08031b61     0x4a  Code  Gb  wifi_util.o [2]
wext_get_auto_chl       0x08032271     0x2c  Code  Gb  wifi_util.o [2]
wext_get_channel        0x08031efb     0x2c  Code  Gb  wifi_util.o [2]
wext_get_enc_ext        0x08031a45     0x6c  Code  Gb  wifi_util.o [2]
wext_get_lps_dtim       0x08031c93     0x60  Code  Gb  wifi_util.o [2]
wext_get_mode           0x08031db3     0x2a  Code  Gb  wifi_util.o [2]
wext_get_passphrase     0x08031b21     0x32  Code  Gb  wifi_util.o [2]
wext_get_rssi           0x08031e19     0x2c  Code  Gb  wifi_util.o [2]
wext_get_scan           0x08031f69     0x2e  Code  Gb  wifi_util.o [2]
wext_get_ssid           0x08031755     0x4c  Code  Gb  wifi_util.o [2]
wext_private_command    0x08031f9f     0xe2  Code  Gb  wifi_util.o [2]
wext_set_adaptivity     0x0803224d     0x1e  Code  Gb  wifi_util.o [2]
wext_set_ap_ssid        0x08031ded     0x2c  Code  Gb  wifi_util.o [2]
wext_set_auth_param     0x080318b3     0x38  Code  Gb  wifi_util.o [2]
wext_set_autoreconnect  0x080321c9     0x4a  Code  Gb  wifi_util.o [2]
wext_set_bssid          0x08031821     0x4c  Code  Gb  wifi_util.o [2]
wext_set_channel        0x08031ecd     0x2e  Code  Gb  wifi_util.o [2]
wext_set_key_ext        0x08031921     0xfc  Code  Gb  wifi_util.o [2]
wext_set_lps_dtim       0x08031c53     0x38  Code  Gb  wifi_util.o [2]
wext_set_mode           0x08031d8d     0x26  Code  Gb  wifi_util.o [2]
wext_set_passphrase     0x08031ad1     0x2e  Code  Gb  wifi_util.o [2]
wext_set_pscan_channel  0x08031e45     0x88  Code  Gb  wifi_util.o [2]
wext_set_scan           0x08031f27     0x30  Code  Gb  wifi_util.o [2]
wext_set_ssid           0x080317d5     0x30  Code  Gb  wifi_util.o [2]
wext_set_tdma_param     0x08031bef     0x4c  Code  Gb  wifi_util.o [2]
wext_set_tos_value      0x08031cf3     0x74  Code  Gb  wifi_util.o [2]
wext_wlan_indicate      0x08032097    0x106  Code  Gb  wifi_util.o [2]
whc_fix_channel         0x0804c051      0x2  Code  Wk  wifi_simple_config_parser.o [10]
whc_unfix_channel       0x0804c053      0x2  Code  Wk  wifi_simple_config_parser.o [10]
wifi                    0x100054f8     0x38  Data  Lc  atcmd_wifi.o [2]
wifi_ap_sta_assoc_hdl   0x0803a9bd      0x2  Code  Lc  wifi_conf.o [2]
wifi_ap_sta_disassoc_hdl
                        0x0803a9bf      0x2  Code  Lc  wifi_conf.o [2]
wifi_autoreconnect_hdl  0x0803b18d     0x2e  Code  Gb  wifi_conf.o [2]
wifi_autoreconnect_thread
                        0x0803b121     0x68  Code  Lc  wifi_conf.o [2]
wifi_config_autoreconnect
                        0x0803b1bb     0x1a  Code  Gb  wifi_conf.o [2]
wifi_connect            0x0803a151    0x280  Code  Gb  wifi_conf.o [2]
wifi_connect_bssid      0x0803a421    0x1d2  Code  Gb  wifi_conf.o [2]
wifi_connect_bssid_local
                        0x08039eed    0x116  Code  Lc  wifi_conf.o [2]
wifi_connect_cloud_success
                        0x1000d56a      0x1  Data  Gb  wifi_door_lock.o [2]
wifi_connect_local      0x08039df5     0xe2  Code  Lc  wifi_conf.o [2]
wifi_connected_hdl      0x0803a08d     0x42  Code  Lc  wifi_conf.o [2]
wifi_disable_powersave  0x0803a6e1      0x8  Code  Gb  wifi_conf.o [2]
wifi_disconn_hdl        0x0803a0e7     0x6a  Code  Lc  wifi_conf.o [2]
wifi_disconnect         0x0803a63f     0x2c  Code  Gb  wifi_conf.o [2]
wifi_enter_promisc_mode
                        0x0803b0c3     0x4c  Code  Gb  wifi_conf.o [2]
wifi_enter_softap       0x1000e3d6      0x1  Data  Gb  wifi_door_lock.o [2]
wifi_get_ap_bssid       0x0803a743     0x22  Code  Gb  wifi_conf.o [2]
wifi_get_associated_client_list
                        0x0803a6e9     0x38  Code  Gb  wifi_conf.o [2]
wifi_get_lps_dtim       0x0803a9b3      0xa  Code  Gb  wifi_conf.o [2]
wifi_get_rssi           0x0803a76d      0xa  Code  Gb  wifi_conf.o [2]
wifi_get_setting        0x0803af5b     0xac  Code  Gb  wifi_conf.o [2]
wifi_handshake_done_hdl
                        0x0803a0cf     0x18  Code  Lc  wifi_conf.o [2]
wifi_indication         0x0801831d     0x3a  Code  Gb  wifi_ind.o [2]
wifi_init_packet_filter
                        0x0803b215      0x4  Code  Gb  wifi_conf.o [2]
wifi_is_connected_to_ap
                        0x0803a6a5      0x4  Code  Gb  wifi_conf.o [2]
wifi_is_ready_to_transceive
                        0x0803a6bf     0x22  Code  Gb  wifi_conf.o [2]
wifi_is_up              0x0803a6a9     0x16  Code  Gb  wifi_conf.o [2]
wifi_mac_hash           0x0801c52d     0x2a  Code  Lc  rtw_sta_mgt.o [10]
wifi_manager_init       0x080183d1      0x4  Code  Gb  wifi_ind.o [2]
wifi_mode               0x10005530      0x4  Data  Gb  atcmd_wifi.o [2]
wifi_no_network_hdl     0x0803a07f      0xe  Code  Lc  wifi_conf.o [2]
wifi_off                0x0803a8f5     0x8e  Code  Gb  wifi_conf.o [2]
wifi_on                 0x0803a789     0xe0  Code  Gb  wifi_conf.o [2]
wifi_reg_event_handler  0x08018357     0x3a  Code  Gb  wifi_ind.o [2]
wifi_rx_beacon_hdl      0x0803a07d      0x2  Code  Gb  wifi_conf.o [2]
wifi_scan               0x0803ac9b     0x78  Code  Gb  wifi_conf.o [2]
wifi_scan_done_hdl      0x0803ac35     0x5c  Code  Gb  wifi_conf.o [2]
wifi_scan_each_report_hdl
                        0x0803aac9    0x158  Code  Gb  wifi_conf.o [2]
wifi_scan_networks      0x0803ae8f     0xb2  Code  Gb  wifi_conf.o [2]
wifi_scan_networks_with_ssid
                        0x0803ad21    0x16e  Code  Gb  wifi_conf.o [2]
wifi_set_autoreconnect  0x0803b1d5      0xc  Code  Gb  wifi_conf.o [2]
wifi_set_channel        0x0803a777      0xa  Code  Gb  wifi_conf.o [2]
wifi_set_country_code   0x0803a787      0x2  Code  Wk  wifi_conf.o [2]
wifi_set_lps_dtim       0x0803a9a9      0xa  Code  Gb  wifi_conf.o [2]
wifi_set_mib            0x0803a781      0x6  Code  Wk  wifi_conf.o [2]
wifi_set_power_mode     0x0803a989      0x4  Code  Gb  wifi_conf.o [2]
wifi_set_promisc        0x0803b0bf      0x4  Code  Gb  wifi_conf.o [2]
wifi_set_pscan_chan     0x0803af49     0x12  Code  Gb  wifi_conf.o [2]
wifi_set_tdma_param     0x0803a995     0x14  Code  Gb  wifi_conf.o [2]
wifi_show_setting       0x0803b007     0xa6  Code  Gb  wifi_conf.o [2]
wifi_start_ap           0x0803a9c5     0x78  Code  Gb  wifi_conf.o [2]
wifi_unreg_event_handler
                        0x08018391     0x30  Code  Gb  wifi_ind.o [2]
wificfg_ParseDataCmd0   0x0805ed31    0x27a  Code  Lc  wificonfig.o [13]
wificfg_ParseDataCmd1   0x0805e97d    0x146  Code  Lc  wificonfig.o [13]
wificfg_ResponseCmd0    0x0805eb7d    0x17e  Code  Lc  wificonfig.o [13]
wifirate2_ratetbl_inx {Abs}
                        0x00017015            --   Gb  command line/config [3]
wireless_send_event     0x0802ce4b      0xa  Code  Gb  freertos_ioctl.o [10]
wlan_network            0x08056c89     0x3a  Code  Gb  wlan_network.o [2]
wlancmds                0x0801d9dc    0x1f8  Data  Gb  rtw_cmd.o [10]
wlanevents              0x08026814     0xc0  Data  Lc  rtw_mlme_ext.o [10]
wlanhdr_to_ethhdr       0x08027e87    0x126  Code  Gb  rtw_recv.o [10]
wpa_global_PSK          0x1000dd7c     0x50  Data  Gb  rtw_psk.o [10]
wpa_set_encryption      0x0802d045    0x180  Code  Lc  freertos_ioctl.o [10]
wpas_wps_dev_config     0x0806549d    0x11a  Code  Gb  wps_protocol_handler.o [11]
wps_registrar_alloc     0x0806b503      0x4  Code  Gb  wifi_wps_config.o [2]
wrapper_skbbuf_list     0x1000e05c      0x8  Data  Lc  freertos_skbuff.o [10]
write_cam               0x0801b015     0x10  Code  Gb  rtw_wlan_util.o [10]
write_cam_rom {Abs}     0x00016f0d            --   Gb  command line/config [3]
ws_arc4random           0x0806c4c1     0x2a  Code  Lc  libwsclient.o [9]
ws_b64_encode_string    0x0806c4eb     0xb6  Code  Lc  libwsclient.o [9]
ws_check_handshake      0x0806cb11     0xac  Code  Gb  libwsclient.o [9]
ws_client_close         0x0806c7cd     0x52  Code  Gb  libwsclient.o [9]
ws_client_handshake     0x0806cab3     0x5e  Code  Gb  libwsclient.o [9]
ws_client_read          0x0806c81f     0x32  Code  Gb  libwsclient.o [9]
ws_client_send          0x0806c851     0x32  Code  Gb  libwsclient.o [9]
ws_close                0x08065e57     0x4c  Code  Gb  wsclient_api.o [9]
ws_connect_url          0x08066055     0x9e  Code  Gb  wsclient_api.o [9]
ws_dispatch             0x08065ea9      0x8  Code  Gb  wsclient_api.o [9]
ws_dispatchBinary       0x08065c01    0x1fc  Code  Lc  wsclient_api.o [9]
ws_free                 0x0806c7bb      0x4  Code  Gb  libwsclient.o [9]
ws_getReadyState        0x08065ea3      0x6  Code  Gb  wsclient_api.o [9]
ws_get_random_bytes     0x0806c785     0x32  Code  Gb  libwsclient.o [9]
ws_handshake_header     0x0806c5a1    0x194  Code  Lc  libwsclient.o [9]
ws_hostname_connect     0x0806c9d3     0xe0  Code  Gb  libwsclient.o [9]
ws_malloc               0x0806c7b7      0x4  Code  Gb  libwsclient.o [9]
ws_poll                 0x08065eb1    0x168  Code  Gb  wsclient_api.o [9]
ws_random               0x0806c7bf      0xe  Code  Gb  libwsclient.o [9]
ws_receive_cb           0x1000de10      0x4  Data  Gb  wsclient_api.o [9]
ws_send                 0x0806601f     0x24  Code  Gb  wsclient_api.o [9]
ws_sendData             0x0806c883    0x150  Code  Gb  libwsclient.o [9]
ws_setCrt               0x080657a1      0x8  Code  Gb  wsclient_tls.o [2]
wss_ReciveMssageCB      0x080601f1     0xa2  Code  Lc  websockets.o [13]
wss_client_close        0x0806cc8b     0x3a  Code  Gb  libwsclient.o [9]
wss_client_read         0x0806ccfb     0x30  Code  Gb  libwsclient.o [9]
wss_client_send         0x0806cd41     0x30  Code  Gb  libwsclient.o [9]
wss_control             0x1000e2f8     0x20  Data  Gb  websockets.o [13]
wss_hostname_connect    0x0806cbcb     0x9a  Code  Gb  libwsclient.o [9]
wss_recvThread          0x080605e5     0x9e  Code  Lc  websockets.o [13]
wss_set_fun_ops         0x08065e1b     0x3c  Code  Gb  wsclient_api.o [9]
wss_tls_close           0x08065967     0x44  Code  Gb  wsclient_tls.o [2]
wss_tls_connect         0x08065849     0xee  Code  Gb  wsclient_tls.o [2]
wss_tls_handshake       0x08065937     0x30  Code  Gb  wsclient_tls.o [2]
wss_tls_read            0x080659f1     0x1a  Code  Gb  wsclient_tls.o [2]
wss_tls_write           0x080659dd     0x14  Code  Gb  wsclient_tls.o [2]
x509_crt_check_parent   0x0806acdd     0x5c  Code  Lc  x509_crt.o [2]
x509_crt_free           0x0806b0af     0xa6  Code  Gb  x509_crt.o [2]
x509_crt_info           0x0806a805    0x3d8  Code  Gb  x509_crt.o [2]
x509_crt_init           0x0806b0a5      0xa  Code  Gb  x509_crt.o [2]
x509_crt_parse          0x0806a4f1     0xe4  Code  Gb  x509_crt.o [2]
x509_crt_parse_der      0x0806a46f     0x82  Code  Gb  x509_crt.o [2]
x509_crt_parse_der_core
                        0x0806a16d    0x2e0  Code  Lc  x509_crt.o [2]
x509_crt_verify         0x0806af85    0x11a  Code  Gb  x509_crt.o [2]
x509_crt_verify_child   0x0806ae8b     0xfa  Code  Lc  x509_crt.o [2]
x509_crt_verify_top     0x0806ad39    0x146  Code  Lc  x509_crt.o [2]
x509_dn_gets            0x080703bd     0xe0  Code  Gb  x509.o [2]
x509_get_alg            0x080700fd      0x6  Code  Gb  x509.o [2]
x509_get_attr_type_value
                        0x0807010b     0x94  Code  Lc  x509.o [2]
x509_get_crt_ext        0x08069f89    0x1c6  Code  Lc  x509_crt.o [2]
x509_get_ext            0x0807036d     0x50  Code  Gb  x509.o [2]
x509_get_name           0x0807019f     0x82  Code  Gb  x509.o [2]
x509_get_serial         0x080700b9     0x44  Code  Gb  x509.o [2]
x509_get_sig            0x08070303     0x30  Code  Gb  x509.o [2]
x509_get_sig_alg        0x0807033d     0x30  Code  Gb  x509.o [2]
x509_get_subject_alt_name
                        0x08069ee1     0xa8  Code  Lc  x509_crt.o [2]
x509_get_time           0x08070221     0xac  Code  Gb  x509.o [2]
x509_get_uid            0x08069eab     0x36  Code  Lc  x509_crt.o [2]
x509_info_cert_type     0x0806a5e5    0x114  Code  Lc  x509_crt.o [2]
x509_info_key_usage     0x0806a6f9     0xf8  Code  Lc  x509_crt.o [2]
x509_key_size_helper    0x080705dd     0x42  Code  Gb  x509.o [2]
x509_name_cmp           0x0806ac65     0x2e  Code  Lc  x509_crt.o [2]
x509_serial_gets        0x080704a5     0x9c  Code  Gb  x509.o [2]
x509_sig_alg_gets       0x08070541     0x44  Code  Gb  x509.o [2]
x509_time_expired       0x0807061f      0x4  Code  Gb  x509.o [2]
x509_time_future        0x08070623      0x4  Code  Gb  x509.o [2]
x509_wildcard_verify    0x0806ac93     0x4a  Code  Lc  x509_crt.o [2]
xActiveTimerList1       0x1000d4f8     0x14  Data  Lc  timers.o [2]
xActiveTimerList2       0x1000d50c     0x14  Data  Lc  timers.o [2]
xBlockAllocatedBit      0x1000584c      0x4  Data  Lc  heap_5.o [2]
xDelayedTaskList1       0x100059a0     0x14  Data  Lc  tasks.o [2]
xDelayedTaskList2       0x100059b4     0x14  Data  Lc  tasks.o [2]
xFreeBytesRemaining     0x10005844      0x4  Data  Lc  heap_5.o [2]
xHeapRegions            0x10005818     0x20  Data  Gb  heap_5.o [2]
xMCtrl {Abs}            0x10000fb8            --   Gb  command line/config [3]
xMaximumPossibleSuppressedTicks
                        0x1000ced0      0x4  Data  Lc  port.o [2]
xMinimumEverFreeBytesRemaining
                        0x10005848      0x4  Data  Lc  heap_5.o [2]
xModemDebug {Abs}       0x0000e2dd            --   Gb  command line/config [3]
xModemDebugInit {Abs}   0x0000e2a5            --   Gb  command line/config [3]
xModemGetFirst {Abs}    0x0000e339            --   Gb  command line/config [3]
xModemGetOthers {Abs}   0x0000e45d            --   Gb  command line/config [3]
xModemHandshake {Abs}   0x0000e6d5            --   Gb  command line/config [3]
xModemInquiry {Abs}     0x0000e315            --   Gb  command line/config [3]
xModemRxBuffer {Abs}    0x0000e945            --   Gb  command line/config [3]
xModemRxFrame {Abs}     0x0000e691            --   Gb  command line/config [3]
xNextTaskUnblockTime    0x10005998      0x4  Data  Lc  tasks.o [2]
xNumOfOverflows         0x10005990      0x4  Data  Lc  tasks.o [2]
xPendingReadyList       0x1000592c     0x14  Data  Lc  tasks.o [2]
xPortGetFreeHeapSize    0x08012ab7      0x6  Code  Gb  heap_5.o [2]
xPortPendSVHandler      0x08074d31           Code  Gb  portasm.o [2]
xPortStartScheduler     0x080112c1     0x34  Code  Gb  port.o [2]
xPortSysTickHandler     0x08011331     0x1e  Code  Gb  port.o [2]
xQueueCreateCountingSemaphore
                        0x0801055f     0x12  Code  Gb  queue1.o [2]
xQueueCreateMutex       0x08010515     0x40  Code  Gb  queue1.o [2]
xQueueGenericCreate     0x080104d9     0x3c  Code  Gb  queue1.o [2]
xQueueGenericReceive    0x080106a1     0xfa  Code  Gb  queue1.o [2]
xQueueGenericReset      0x08010479     0x60  Code  Gb  queue1.o [2]
xQueueGenericSend       0x08010571     0xc4  Code  Gb  queue1.o [2]
xQueueGenericSendFromISR
                        0x08010635     0x6c  Code  Gb  queue1.o [2]
xSchedulerRunning       0x10005984      0x4  Data  Lc  tasks.o [2]
xStart                  0x10005838      0x8  Data  Lc  heap_5.o [2]
xSuspendedTaskList      0x10005964     0x14  Data  Lc  tasks.o [2]
xTaskCheckForTimeOut    0x08010fe7     0x3c  Code  Gb  tasks.o [2]
xTaskGenericCreate      0x08010925    0x118  Code  Gb  tasks.o [2]
xTaskGetSchedulerState  0x0801114f     0x16  Code  Gb  tasks.o [2]
xTaskGetTickCount       0x08010d99      0xc  Code  Gb  tasks.o [2]
xTaskGetTickCountFromISR
                        0x08010dad     0x14  Code  Gb  tasks.o [2]
xTaskIncrementTick      0x08010dd9     0xb0  Code  Gb  tasks.o [2]
xTaskPriorityDisinherit
                        0x080111e5     0x6a  Code  Gb  tasks.o [2]
xTaskRemoveFromEventList
                        0x08010f7d     0x38  Code  Gb  tasks.o [2]
xTaskResumeAll          0x08010d0d     0x8c  Code  Gb  tasks.o [2]
xTasksWaitingTermination
                        0x10005940     0x14  Data  Lc  tasks.o [2]
xTickCount              0x1000597c      0x4  Data  Lc  tasks.o [2]
xTimerCreate            0x08012bab     0x3a  Code  Gb  timers.o [2]
xTimerCreateTimerTask   0x08012b75     0x36  Code  Gb  timers.o [2]
xTimerGenericCommand    0x08012be5     0x98  Code  Gb  timers.o [2]
xTimerIsTimerActive     0x08012e97     0x1a  Code  Gb  timers.o [2]
xTimerQueue             0x1000d4ec      0x4  Data  Lc  timers.o [2]
xTimerTaskHandle        0x1000d4f0      0x4  Data  Lc  timers.o [2]
xYieldPending           0x1000598c      0x4  Data  Lc  tasks.o [2]
x_cb                    0x10007848     0x10  Data  Gb  lamp_effect.o [2]
x_mode                  0x10007858      0x4  Data  Lc  lamp_effect.o [2]
xmit_delivery_enabled_frames
                        0x0801fca3     0xf6  Code  Gb  rtw_xmit.o [10]
xmitframe_addmic        0x0801ee3f    0x17a  Code  Gb  rtw_xmit.o [10]
xmitframe_enqueue_for_sleeping_sta
                        0x0801f7b3    0x18c  Code  Gb  rtw_xmit.o [10]
xmitframe_swencrypt     0x0801efbf     0x30  Code  Gb  rtw_xmit.o [10]
xmodem_log_close {Abs}  0x0000e9f5            --   Gb  command line/config [3]
xmodem_log_open {Abs}   0x0000ea01            --   Gb  command line/config [3]
xmodem_uart_deinit {Abs}
                        0x0000eb25            --   Gb  command line/config [3]
xmodem_uart_getc {Abs}  0x0000ec0d            --   Gb  command line/config [3]
xmodem_uart_init {Abs}  0x0000ea39            --   Gb  command line/config [3]
xmodem_uart_port_deinit {Abs}
                        0x0000eb99            --   Gb  command line/config [3]
xmodem_uart_port_init {Abs}
                        0x0000eb35            --   Gb  command line/config [3]
xmodem_uart_putc {Abs}  0x0000ec35            --   Gb  command line/config [3]
xmodem_uart_putdata {Abs}
                        0x0000ec49            --   Gb  command line/config [3]
xmodem_uart_readable {Abs}
                        0x0000ebdd            --   Gb  command line/config [3]
xmodem_uart_writable {Abs}
                        0x0000ebf5            --   Gb  command line/config [3]
xnetif                  0x10007998     0x78  Data  Gb  lwip_netconf.o [2]
zero_bssid              0x0804a514      0x8  Data  Gb  rtw_promisc.o [10]


[1] = D:\vm-share\506\LeIotProjLib\..\rtk8710_sdk\component\soc\realtek\8711b\misc\bsp\image
[2] = D:\vm-share\506\LeIotProjLib\Debug\Obj
[3] = command line
[4] = dl7M_tln.a
[5] = lib_http.a
[6] = lib_mdns.a
[7] = lib_platform.a
[8] = lib_rtlstd.a
[9] = lib_websocket.a
[10] = lib_wlan.a
[11] = lib_wps.a
[12] = lib_xmodem.a
[13] = libledmrtos.a
[14] = m7M_tlv.a
[15] = rt7M_tl.a

  425 446 bytes of readonly  code memory
   13 896 bytes of readonly  data memory
  162 662 bytes of readwrite data memory

Errors: none
Warnings: none
